#! /usr/bin/vvp
:ivl_version "13.0 (stable)" "(v13_0)";
:ivl_delay_selection "TYPICAL";
:vpi_time_precision - 12;
:vpi_module "/usr/lib/x86_64-linux-gnu/ivl/system.vpi";
:vpi_module "/usr/lib/x86_64-linux-gnu/ivl/vhdl_sys.vpi";
:vpi_module "/usr/lib/x86_64-linux-gnu/ivl/vhdl_textio.vpi";
:vpi_module "/usr/lib/x86_64-linux-gnu/ivl/v2005_math.vpi";
:vpi_module "/usr/lib/x86_64-linux-gnu/ivl/va_math.vpi";
S_0x55f8b28b5380 .scope module, "register_tb" "register_tb" 2 2;
 .timescale -9 -12;
v0x55f8b28e3b80_0 .var "clk", 0 0;
v0x55f8b28e3c40_0 .var "d", 31 0;
v0x55f8b28e3ce0_0 .var "en", 0 0;
v0x55f8b28e3de0_0 .var/i "errors", 31 0;
v0x55f8b28e3e80_0 .net "q", 31 0, v0x55f8b28b8180_0;  1 drivers
v0x55f8b28e3f70_0 .var "rst", 0 0;
S_0x55f8b28c6c60 .scope module, "dut" "register" 2 8, 3 7 0, S_0x55f8b28b5380;
 .timescale -9 -12;
    .port_info 0 /INPUT 1 "clk";
    .port_info 1 /INPUT 1 "rst";
    .port_info 2 /INPUT 1 "en";
    .port_info 3 /INPUT 32 "d";
    .port_info 4 /OUTPUT 32 "q";
P_0x55f8b28b27d0 .param/l "RESET_VALUE" 0 3 9, +C4<00000000000000000000000000000000>;
P_0x55f8b28b2810 .param/l "WIDTH" 0 3 8, +C4<00000000000000000000000000100000>;
v0x55f8b28b5980_0 .net "clk", 0 0, v0x55f8b28e3b80_0;  1 drivers
v0x55f8b28b65f0_0 .net "d", 31 0, v0x55f8b28e3c40_0;  1 drivers
v0x55f8b28b7360_0 .net "en", 0 0, v0x55f8b28e3ce0_0;  1 drivers
v0x55f8b28b8180_0 .var "q", 31 0;
v0x55f8b28b8b80_0 .net "rst", 0 0, v0x55f8b28e3f70_0;  1 drivers
E_0x55f8b28c5a20 .event posedge, v0x55f8b28b5980_0;
S_0x55f8b28e37c0 .scope task, "expect_q" "expect_q" 2 11, 2 11 0, S_0x55f8b28b5380;
 .timescale -9 -12;
v0x55f8b28e39c0_0 .var "expected", 31 0;
v0x55f8b28e3aa0_0 .var "name", 127 0;
TD_register_tb.expect_q ;
    %load/vec4 v0x55f8b28e3e80_0;
    %load/vec4 v0x55f8b28e39c0_0;
    %cmp/ne;
    %jmp/0xz  T_0.0, 6;
    %vpi_call 2 14 "$display", "FAIL %0s: q=%h expected=%h", v0x55f8b28e3aa0_0, v0x55f8b28e3e80_0, v0x55f8b28e39c0_0 {0 0 0};
    %load/vec4 v0x55f8b28e3de0_0;
    %addi 1, 0, 32;
    %store/vec4 v0x55f8b28e3de0_0, 0, 32;
    %jmp T_0.1;
T_0.0 ;
    %vpi_call 2 16 "$display", "PASS %0s", v0x55f8b28e3aa0_0 {0 0 0};
T_0.1 ;
    %end;
    .scope S_0x55f8b28c6c60;
T_1 ;
    %wait E_0x55f8b28c5a20;
    %load/vec4 v0x55f8b28b8b80_0;
    %flag_set/vec4 8;
    %jmp/0xz  T_1.0, 8;
    %pushi/vec4 0, 0, 32;
    %assign/vec4 v0x55f8b28b8180_0, 0;
    %jmp T_1.1;
T_1.0 ;
    %load/vec4 v0x55f8b28b7360_0;
    %flag_set/vec4 8;
    %jmp/0xz  T_1.2, 8;
    %load/vec4 v0x55f8b28b65f0_0;
    %assign/vec4 v0x55f8b28b8180_0, 0;
T_1.2 ;
T_1.1 ;
    %jmp T_1;
    .thread T_1;
    .scope S_0x55f8b28b5380;
T_2 ;
    %pushi/vec4 0, 0, 1;
    %store/vec4 v0x55f8b28e3b80_0, 0, 1;
    %pushi/vec4 1, 0, 1;
    %store/vec4 v0x55f8b28e3f70_0, 0, 1;
    %pushi/vec4 0, 0, 1;
    %store/vec4 v0x55f8b28e3ce0_0, 0, 1;
    %pushi/vec4 0, 0, 32;
    %store/vec4 v0x55f8b28e3c40_0, 0, 32;
    %pushi/vec4 0, 0, 32;
    %store/vec4 v0x55f8b28e3de0_0, 0, 32;
    %end;
    .thread T_2;
    .scope S_0x55f8b28b5380;
T_3 ;
    %delay 5000, 0;
    %load/vec4 v0x55f8b28e3b80_0;
    %inv;
    %store/vec4 v0x55f8b28e3b80_0, 0, 1;
    %jmp T_3;
    .thread T_3;
    .scope S_0x55f8b28b5380;
T_4 ;
    %vpi_call 2 21 "$dumpfile", "register.vcd" {0 0 0};
    %vpi_call 2 22 "$dumpvars", 32'sb00000000000000000000000000000000, S_0x55f8b28b5380 {0 0 0};
    %wait E_0x55f8b28c5a20;
    %delay 1000, 0;
    %pushi/vec4 0, 0, 32;
    %store/vec4 v0x55f8b28e39c0_0, 0, 32;
    %pushi/vec4 0, 0, 32; draw_string_vec4
    %pushi/vec4 1919251301, 0, 32; draw_string_vec4
    %concat/vec4; draw_string_vec4
    %pushi/vec4 1948279660, 0, 32; draw_string_vec4
    %concat/vec4; draw_string_vec4
    %pushi/vec4 1700885107, 0, 32; draw_string_vec4
    %concat/vec4; draw_string_vec4
    %store/vec4 v0x55f8b28e3aa0_0, 0, 128;
    %fork TD_register_tb.expect_q, S_0x55f8b28e37c0;
    %join;
    %pushi/vec4 0, 0, 1;
    %store/vec4 v0x55f8b28e3f70_0, 0, 1;
    %pushi/vec4 3735928559, 0, 32;
    %store/vec4 v0x55f8b28e3c40_0, 0, 32;
    %pushi/vec4 0, 0, 1;
    %store/vec4 v0x55f8b28e3ce0_0, 0, 1;
    %wait E_0x55f8b28c5a20;
    %delay 1000, 0;
    %pushi/vec4 0, 0, 32;
    %store/vec4 v0x55f8b28e39c0_0, 0, 32;
    %pushi/vec4 3739536102, 0, 33;
    %concati/vec4 2173731293, 0, 33;
    %concati/vec4 2710943873, 0, 32;
    %concati/vec4 627981616, 0, 30;
    %store/vec4 v0x55f8b28e3aa0_0, 0, 128;
    %fork TD_register_tb.expect_q, S_0x55f8b28e37c0;
    %join;
    %pushi/vec4 1, 0, 1;
    %store/vec4 v0x55f8b28e3ce0_0, 0, 1;
    %wait E_0x55f8b28c5a20;
    %delay 1000, 0;
    %pushi/vec4 3735928559, 0, 32;
    %store/vec4 v0x55f8b28e39c0_0, 0, 32;
    %pushi/vec4 3737307366, 0, 33;
    %concati/vec4 2173731293, 0, 33;
    %concati/vec4 2710943873, 0, 32;
    %concati/vec4 627981617, 0, 30;
    %store/vec4 v0x55f8b28e3aa0_0, 0, 128;
    %fork TD_register_tb.expect_q, S_0x55f8b28e37c0;
    %join;
    %pushi/vec4 305419896, 0, 32;
    %store/vec4 v0x55f8b28e3c40_0, 0, 32;
    %pushi/vec4 0, 0, 1;
    %store/vec4 v0x55f8b28e3ce0_0, 0, 1;
    %wait E_0x55f8b28c5a20;
    %delay 1000, 0;
    %pushi/vec4 3735928559, 0, 32;
    %store/vec4 v0x55f8b28e39c0_0, 0, 32;
    %pushi/vec4 0, 0, 32; draw_string_vec4
    %pushi/vec4 6844268, 0, 32; draw_string_vec4
    %concat/vec4; draw_string_vec4
    %pushi/vec4 1685266550, 0, 32; draw_string_vec4
    %concat/vec4; draw_string_vec4
    %pushi/vec4 1634497893, 0, 32; draw_string_vec4
    %concat/vec4; draw_string_vec4
    %store/vec4 v0x55f8b28e3aa0_0, 0, 128;
    %fork TD_register_tb.expect_q, S_0x55f8b28e37c0;
    %join;
    %pushi/vec4 1, 0, 1;
    %store/vec4 v0x55f8b28e3f70_0, 0, 1;
    %wait E_0x55f8b28c5a20;
    %delay 1000, 0;
    %pushi/vec4 0, 0, 32;
    %store/vec4 v0x55f8b28e39c0_0, 0, 32;
    %pushi/vec4 0, 0, 32; draw_string_vec4
    %pushi/vec4 7497075, 0, 32; draw_string_vec4
    %concat/vec4; draw_string_vec4
    %pushi/vec4 1702109281, 0, 32; draw_string_vec4
    %concat/vec4; draw_string_vec4
    %pushi/vec4 1734437230, 0, 32; draw_string_vec4
    %concat/vec4; draw_string_vec4
    %store/vec4 v0x55f8b28e3aa0_0, 0, 128;
    %fork TD_register_tb.expect_q, S_0x55f8b28e37c0;
    %join;
    %load/vec4 v0x55f8b28e3de0_0;
    %cmpi/e 0, 0, 32;
    %jmp/0xz  T_4.0, 4;
    %vpi_call 2 34 "$display", "REGISTER: ALL TESTS PASSED" {0 0 0};
    %jmp T_4.1;
T_4.0 ;
    %vpi_call 2 35 "$display", "REGISTER: %0d TEST(S) FAILED", v0x55f8b28e3de0_0 {0 0 0};
T_4.1 ;
    %vpi_call 2 36 "$finish" {0 0 0};
    %end;
    .thread T_4;
# The file index is used to find the file name in the following table.
:file_names 4;
    "N/A";
    "<interactive>";
    "register-tb.v";
    "register.v";
