#! /usr/bin/vvp
:ivl_version "13.0 (stable)" "(v13_0)";
:ivl_delay_selection "TYPICAL";
:vpi_time_precision - 12;
:vpi_module "/usr/lib/x86_64-linux-gnu/ivl/system.vpi";
:vpi_module "/usr/lib/x86_64-linux-gnu/ivl/vhdl_sys.vpi";
:vpi_module "/usr/lib/x86_64-linux-gnu/ivl/vhdl_textio.vpi";
:vpi_module "/usr/lib/x86_64-linux-gnu/ivl/v2005_math.vpi";
:vpi_module "/usr/lib/x86_64-linux-gnu/ivl/va_math.vpi";
S_0x562c443610c0 .scope module, "alu_tb" "alu_tb" 2 2;
 .timescale -9 -12;
v0x562c4439cf20_0 .var "a", 31 0;
v0x562c4439d000_0 .var "alu_op", 3 0;
v0x562c4439d0d0_0 .var "b", 31 0;
v0x562c4439d1d0_0 .var/i "errors", 31 0;
v0x562c4439d270_0 .net "result", 31 0, v0x562c4439cbb0_0;  1 drivers
v0x562c4439d380_0 .net "zero", 0 0, L_0x562c443ad5b0;  1 drivers
S_0x562c44371800 .scope task, "check" "check" 2 11, 2 11 0, S_0x562c443610c0;
 .timescale -9 -12;
v0x562c443719e0_0 .var "expected", 31 0;
v0x562c4439ba50_0 .var "name", 127 0;
v0x562c4439bb30_0 .var "op", 3 0;
v0x562c4439bbf0_0 .var "x", 31 0;
v0x562c4439bcd0_0 .var "y", 31 0;
TD_alu_tb.check ;
    %load/vec4 v0x562c4439bb30_0;
    %store/vec4 v0x562c4439d000_0, 0, 4;
    %load/vec4 v0x562c4439bbf0_0;
    %store/vec4 v0x562c4439cf20_0, 0, 32;
    %load/vec4 v0x562c4439bcd0_0;
    %store/vec4 v0x562c4439d0d0_0, 0, 32;
    %delay 10000, 0;
    %load/vec4 v0x562c4439d270_0;
    %load/vec4 v0x562c443719e0_0;
    %cmp/ne;
    %jmp/0xz  T_0.0, 6;
    %vpi_call 2 15 "$display", "FAIL %0s: a=%h b=%h got=%h expected=%h", v0x562c4439ba50_0, v0x562c4439bbf0_0, v0x562c4439bcd0_0, v0x562c4439d270_0, v0x562c443719e0_0 {0 0 0};
    %load/vec4 v0x562c4439d1d0_0;
    %addi 1, 0, 32;
    %store/vec4 v0x562c4439d1d0_0, 0, 32;
    %jmp T_0.1;
T_0.0 ;
    %vpi_call 2 18 "$display", "PASS %0s", v0x562c4439ba50_0 {0 0 0};
T_0.1 ;
    %end;
S_0x562c4439be00 .scope module, "dut" "alu" 2 9, 3 7 0, S_0x562c443610c0;
 .timescale -9 -12;
    .port_info 0 /INPUT 32 "a";
    .port_info 1 /INPUT 32 "b";
    .port_info 2 /INPUT 4 "alu_op";
    .port_info 3 /OUTPUT 32 "result";
    .port_info 4 /OUTPUT 1 "zero";
P_0x562c4439c000 .param/l "ALU_ADD" 1 3 17, C4<0000>;
P_0x562c4439c040 .param/l "ALU_AND" 1 3 26, C4<1001>;
P_0x562c4439c080 .param/l "ALU_OR" 1 3 25, C4<1000>;
P_0x562c4439c0c0 .param/l "ALU_SLL" 1 3 19, C4<0010>;
P_0x562c4439c100 .param/l "ALU_SLT" 1 3 20, C4<0011>;
P_0x562c4439c140 .param/l "ALU_SLTU" 1 3 21, C4<0100>;
P_0x562c4439c180 .param/l "ALU_SRA" 1 3 24, C4<0111>;
P_0x562c4439c1c0 .param/l "ALU_SRL" 1 3 23, C4<0110>;
P_0x562c4439c200 .param/l "ALU_SUB" 1 3 18, C4<0001>;
P_0x562c4439c240 .param/l "ALU_XOR" 1 3 22, C4<0101>;
P_0x562c4439c280 .param/l "WIDTH" 0 3 8, +C4<00000000000000000000000000100000>;
L_0x7f1117fc1018 .functor BUFT 1, C4<00000000000000000000000000000000>, C4<0>, C4<0>, C4<0>;
v0x562c4439c830_0 .net/2u *"_ivl_2", 31 0, L_0x7f1117fc1018;  1 drivers
v0x562c4439c930_0 .net "a", 31 0, v0x562c4439cf20_0;  1 drivers
v0x562c4439ca10_0 .net "alu_op", 3 0, v0x562c4439d000_0;  1 drivers
v0x562c4439cad0_0 .net "b", 31 0, v0x562c4439d0d0_0;  1 drivers
v0x562c4439cbb0_0 .var "result", 31 0;
v0x562c4439cce0_0 .net "shamt", 4 0, L_0x562c4439d450;  1 drivers
v0x562c4439cdc0_0 .net "zero", 0 0, L_0x562c443ad5b0;  alias, 1 drivers
E_0x562c4436b700 .event anyedge, v0x562c4439ca10_0, v0x562c4439c930_0, v0x562c4439cad0_0, v0x562c4439cce0_0;
L_0x562c4439d450 .part v0x562c4439d0d0_0, 0, 5;
L_0x562c443ad5b0 .cmp/eq 32, v0x562c4439cbb0_0, L_0x7f1117fc1018;
    .scope S_0x562c4439be00;
T_1 ;
    %wait E_0x562c4436b700;
    %load/vec4 v0x562c4439ca10_0;
    %dup/vec4;
    %pushi/vec4 0, 0, 4;
    %cmp/u;
    %jmp/1 T_1.0, 6;
    %dup/vec4;
    %pushi/vec4 1, 0, 4;
    %cmp/u;
    %jmp/1 T_1.1, 6;
    %dup/vec4;
    %pushi/vec4 2, 0, 4;
    %cmp/u;
    %jmp/1 T_1.2, 6;
    %dup/vec4;
    %pushi/vec4 3, 0, 4;
    %cmp/u;
    %jmp/1 T_1.3, 6;
    %dup/vec4;
    %pushi/vec4 4, 0, 4;
    %cmp/u;
    %jmp/1 T_1.4, 6;
    %dup/vec4;
    %pushi/vec4 5, 0, 4;
    %cmp/u;
    %jmp/1 T_1.5, 6;
    %dup/vec4;
    %pushi/vec4 6, 0, 4;
    %cmp/u;
    %jmp/1 T_1.6, 6;
    %dup/vec4;
    %pushi/vec4 7, 0, 4;
    %cmp/u;
    %jmp/1 T_1.7, 6;
    %dup/vec4;
    %pushi/vec4 8, 0, 4;
    %cmp/u;
    %jmp/1 T_1.8, 6;
    %dup/vec4;
    %pushi/vec4 9, 0, 4;
    %cmp/u;
    %jmp/1 T_1.9, 6;
    %pushi/vec4 0, 0, 32;
    %store/vec4 v0x562c4439cbb0_0, 0, 32;
    %jmp T_1.11;
T_1.0 ;
    %load/vec4 v0x562c4439c930_0;
    %load/vec4 v0x562c4439cad0_0;
    %add;
    %store/vec4 v0x562c4439cbb0_0, 0, 32;
    %jmp T_1.11;
T_1.1 ;
    %load/vec4 v0x562c4439c930_0;
    %load/vec4 v0x562c4439cad0_0;
    %sub;
    %store/vec4 v0x562c4439cbb0_0, 0, 32;
    %jmp T_1.11;
T_1.2 ;
    %load/vec4 v0x562c4439c930_0;
    %ix/getv 4, v0x562c4439cce0_0;
    %shiftl 4;
    %store/vec4 v0x562c4439cbb0_0, 0, 32;
    %jmp T_1.11;
T_1.3 ;
    %load/vec4 v0x562c4439c930_0;
    %load/vec4 v0x562c4439cad0_0;
    %cmp/s;
    %flag_mov 8, 5;
    %jmp/0 T_1.12, 8;
    %pushi/vec4 1, 0, 32;
    %jmp/1 T_1.13, 8;
T_1.12 ; End of true expr.
    %pushi/vec4 0, 0, 32;
    %jmp/0 T_1.13, 8;
 ; End of false expr.
    %blend;
T_1.13;
    %store/vec4 v0x562c4439cbb0_0, 0, 32;
    %jmp T_1.11;
T_1.4 ;
    %load/vec4 v0x562c4439c930_0;
    %load/vec4 v0x562c4439cad0_0;
    %cmp/u;
    %flag_mov 8, 5;
    %jmp/0 T_1.14, 8;
    %pushi/vec4 1, 0, 32;
    %jmp/1 T_1.15, 8;
T_1.14 ; End of true expr.
    %pushi/vec4 0, 0, 32;
    %jmp/0 T_1.15, 8;
 ; End of false expr.
    %blend;
T_1.15;
    %store/vec4 v0x562c4439cbb0_0, 0, 32;
    %jmp T_1.11;
T_1.5 ;
    %load/vec4 v0x562c4439c930_0;
    %load/vec4 v0x562c4439cad0_0;
    %xor;
    %store/vec4 v0x562c4439cbb0_0, 0, 32;
    %jmp T_1.11;
T_1.6 ;
    %load/vec4 v0x562c4439c930_0;
    %ix/getv 4, v0x562c4439cce0_0;
    %shiftr 4;
    %store/vec4 v0x562c4439cbb0_0, 0, 32;
    %jmp T_1.11;
T_1.7 ;
    %load/vec4 v0x562c4439c930_0;
    %ix/getv 4, v0x562c4439cce0_0;
    %shiftr/s 4;
    %store/vec4 v0x562c4439cbb0_0, 0, 32;
    %jmp T_1.11;
T_1.8 ;
    %load/vec4 v0x562c4439c930_0;
    %load/vec4 v0x562c4439cad0_0;
    %or;
    %store/vec4 v0x562c4439cbb0_0, 0, 32;
    %jmp T_1.11;
T_1.9 ;
    %load/vec4 v0x562c4439c930_0;
    %load/vec4 v0x562c4439cad0_0;
    %and;
    %store/vec4 v0x562c4439cbb0_0, 0, 32;
    %jmp T_1.11;
T_1.11 ;
    %pop/vec4 1;
    %jmp T_1;
    .thread T_1, $push;
    .scope S_0x562c443610c0;
T_2 ;
    %pushi/vec4 0, 0, 32;
    %store/vec4 v0x562c4439d1d0_0, 0, 32;
    %end;
    .thread T_2;
    .scope S_0x562c443610c0;
T_3 ;
    %vpi_call 2 23 "$dumpfile", "alu.vcd" {0 0 0};
    %vpi_call 2 24 "$dumpvars", 32'sb00000000000000000000000000000000, S_0x562c443610c0 {0 0 0};
    %pushi/vec4 0, 0, 4;
    %store/vec4 v0x562c4439bb30_0, 0, 4;
    %pushi/vec4 10, 0, 32;
    %store/vec4 v0x562c4439bbf0_0, 0, 32;
    %pushi/vec4 20, 0, 32;
    %store/vec4 v0x562c4439bcd0_0, 0, 32;
    %pushi/vec4 30, 0, 32;
    %store/vec4 v0x562c443719e0_0, 0, 32;
    %pushi/vec4 0, 0, 32; draw_string_vec4
    %pushi/vec4 0, 0, 32; draw_string_vec4
    %concat/vec4; draw_string_vec4
    %pushi/vec4 0, 0, 32; draw_string_vec4
    %concat/vec4; draw_string_vec4
    %pushi/vec4 4277316, 0, 32; draw_string_vec4
    %concat/vec4; draw_string_vec4
    %store/vec4 v0x562c4439ba50_0, 0, 128;
    %fork TD_alu_tb.check, S_0x562c44371800;
    %join;
    %pushi/vec4 0, 0, 4;
    %store/vec4 v0x562c4439bb30_0, 0, 4;
    %pushi/vec4 4294967295, 0, 32;
    %store/vec4 v0x562c4439bbf0_0, 0, 32;
    %pushi/vec4 1, 0, 32;
    %store/vec4 v0x562c4439bcd0_0, 0, 32;
    %pushi/vec4 0, 0, 32;
    %store/vec4 v0x562c443719e0_0, 0, 32;
    %pushi/vec4 0, 0, 32; draw_string_vec4
    %pushi/vec4 0, 0, 32; draw_string_vec4
    %concat/vec4; draw_string_vec4
    %pushi/vec4 1094992928, 0, 32; draw_string_vec4
    %concat/vec4; draw_string_vec4
    %pushi/vec4 2003984752, 0, 32; draw_string_vec4
    %concat/vec4; draw_string_vec4
    %store/vec4 v0x562c4439ba50_0, 0, 128;
    %fork TD_alu_tb.check, S_0x562c44371800;
    %join;
    %pushi/vec4 1, 0, 4;
    %store/vec4 v0x562c4439bb30_0, 0, 4;
    %pushi/vec4 20, 0, 32;
    %store/vec4 v0x562c4439bbf0_0, 0, 32;
    %pushi/vec4 5, 0, 32;
    %store/vec4 v0x562c4439bcd0_0, 0, 32;
    %pushi/vec4 15, 0, 32;
    %store/vec4 v0x562c443719e0_0, 0, 32;
    %pushi/vec4 0, 0, 32; draw_string_vec4
    %pushi/vec4 0, 0, 32; draw_string_vec4
    %concat/vec4; draw_string_vec4
    %pushi/vec4 0, 0, 32; draw_string_vec4
    %concat/vec4; draw_string_vec4
    %pushi/vec4 5461314, 0, 32; draw_string_vec4
    %concat/vec4; draw_string_vec4
    %store/vec4 v0x562c4439ba50_0, 0, 128;
    %fork TD_alu_tb.check, S_0x562c44371800;
    %join;
    %pushi/vec4 1, 0, 4;
    %store/vec4 v0x562c4439bb30_0, 0, 4;
    %pushi/vec4 5, 0, 32;
    %store/vec4 v0x562c4439bbf0_0, 0, 32;
    %pushi/vec4 20, 0, 32;
    %store/vec4 v0x562c4439bcd0_0, 0, 32;
    %pushi/vec4 4294967281, 0, 32;
    %store/vec4 v0x562c443719e0_0, 0, 32;
    %pushi/vec4 0, 0, 32; draw_string_vec4
    %pushi/vec4 1398096416, 0, 32; draw_string_vec4
    %concat/vec4; draw_string_vec4
    %pushi/vec4 1852139361, 0, 32; draw_string_vec4
    %concat/vec4; draw_string_vec4
    %pushi/vec4 1953068645, 0, 32; draw_string_vec4
    %concat/vec4; draw_string_vec4
    %store/vec4 v0x562c4439ba50_0, 0, 128;
    %fork TD_alu_tb.check, S_0x562c44371800;
    %join;
    %pushi/vec4 2, 0, 4;
    %store/vec4 v0x562c4439bb30_0, 0, 4;
    %pushi/vec4 1, 0, 32;
    %store/vec4 v0x562c4439bbf0_0, 0, 32;
    %pushi/vec4 4, 0, 32;
    %store/vec4 v0x562c4439bcd0_0, 0, 32;
    %pushi/vec4 16, 0, 32;
    %store/vec4 v0x562c443719e0_0, 0, 32;
    %pushi/vec4 0, 0, 32; draw_string_vec4
    %pushi/vec4 0, 0, 32; draw_string_vec4
    %concat/vec4; draw_string_vec4
    %pushi/vec4 0, 0, 32; draw_string_vec4
    %concat/vec4; draw_string_vec4
    %pushi/vec4 5459020, 0, 32; draw_string_vec4
    %concat/vec4; draw_string_vec4
    %store/vec4 v0x562c4439ba50_0, 0, 128;
    %fork TD_alu_tb.check, S_0x562c44371800;
    %join;
    %pushi/vec4 3, 0, 4;
    %store/vec4 v0x562c4439bb30_0, 0, 4;
    %pushi/vec4 4294967295, 0, 32;
    %store/vec4 v0x562c4439bbf0_0, 0, 32;
    %pushi/vec4 1, 0, 32;
    %store/vec4 v0x562c4439bcd0_0, 0, 32;
    %pushi/vec4 1, 0, 32;
    %store/vec4 v0x562c443719e0_0, 0, 32;
    %pushi/vec4 0, 0, 32; draw_string_vec4
    %pushi/vec4 21324, 0, 32; draw_string_vec4
    %concat/vec4; draw_string_vec4
    %pushi/vec4 1411393581, 0, 32; draw_string_vec4
    %concat/vec4; draw_string_vec4
    %pushi/vec4 826028329, 0, 32; draw_string_vec4
    %concat/vec4; draw_string_vec4
    %store/vec4 v0x562c4439ba50_0, 0, 128;
    %fork TD_alu_tb.check, S_0x562c44371800;
    %join;
    %pushi/vec4 3, 0, 4;
    %store/vec4 v0x562c4439bb30_0, 0, 4;
    %pushi/vec4 1, 0, 32;
    %store/vec4 v0x562c4439bbf0_0, 0, 32;
    %pushi/vec4 4294967295, 0, 32;
    %store/vec4 v0x562c4439bcd0_0, 0, 32;
    %pushi/vec4 0, 0, 32;
    %store/vec4 v0x562c443719e0_0, 0, 32;
    %pushi/vec4 0, 0, 32; draw_string_vec4
    %pushi/vec4 21324, 0, 32; draw_string_vec4
    %concat/vec4; draw_string_vec4
    %pushi/vec4 1411393585, 0, 32; draw_string_vec4
    %concat/vec4; draw_string_vec4
    %pushi/vec4 1009594665, 0, 32; draw_string_vec4
    %concat/vec4; draw_string_vec4
    %store/vec4 v0x562c4439ba50_0, 0, 128;
    %fork TD_alu_tb.check, S_0x562c44371800;
    %join;
    %pushi/vec4 4, 0, 4;
    %store/vec4 v0x562c4439bb30_0, 0, 4;
    %pushi/vec4 4294967295, 0, 32;
    %store/vec4 v0x562c4439bbf0_0, 0, 32;
    %pushi/vec4 1, 0, 32;
    %store/vec4 v0x562c4439bcd0_0, 0, 32;
    %pushi/vec4 0, 0, 32;
    %store/vec4 v0x562c443719e0_0, 0, 32;
    %pushi/vec4 0, 0, 32; draw_string_vec4
    %pushi/vec4 0, 0, 32; draw_string_vec4
    %concat/vec4; draw_string_vec4
    %pushi/vec4 0, 0, 32; draw_string_vec4
    %concat/vec4; draw_string_vec4
    %pushi/vec4 1397511253, 0, 32; draw_string_vec4
    %concat/vec4; draw_string_vec4
    %store/vec4 v0x562c4439ba50_0, 0, 128;
    %fork TD_alu_tb.check, S_0x562c44371800;
    %join;
    %pushi/vec4 4, 0, 4;
    %store/vec4 v0x562c4439bb30_0, 0, 4;
    %pushi/vec4 1, 0, 32;
    %store/vec4 v0x562c4439bbf0_0, 0, 32;
    %pushi/vec4 4294967295, 0, 32;
    %store/vec4 v0x562c4439bcd0_0, 0, 32;
    %pushi/vec4 1, 0, 32;
    %store/vec4 v0x562c443719e0_0, 0, 32;
    %pushi/vec4 0, 0, 32; draw_string_vec4
    %pushi/vec4 0, 0, 32; draw_string_vec4
    %concat/vec4; draw_string_vec4
    %pushi/vec4 21324, 0, 32; draw_string_vec4
    %concat/vec4; draw_string_vec4
    %pushi/vec4 1414864946, 0, 32; draw_string_vec4
    %concat/vec4; draw_string_vec4
    %store/vec4 v0x562c4439ba50_0, 0, 128;
    %fork TD_alu_tb.check, S_0x562c44371800;
    %join;
    %pushi/vec4 5, 0, 4;
    %store/vec4 v0x562c4439bb30_0, 0, 4;
    %pushi/vec4 4042322160, 0, 32;
    %store/vec4 v0x562c4439bbf0_0, 0, 32;
    %pushi/vec4 4294901760, 0, 32;
    %store/vec4 v0x562c4439bcd0_0, 0, 32;
    %pushi/vec4 252702960, 0, 32;
    %store/vec4 v0x562c443719e0_0, 0, 32;
    %pushi/vec4 0, 0, 32; draw_string_vec4
    %pushi/vec4 0, 0, 32; draw_string_vec4
    %concat/vec4; draw_string_vec4
    %pushi/vec4 0, 0, 32; draw_string_vec4
    %concat/vec4; draw_string_vec4
    %pushi/vec4 5787474, 0, 32; draw_string_vec4
    %concat/vec4; draw_string_vec4
    %store/vec4 v0x562c4439ba50_0, 0, 128;
    %fork TD_alu_tb.check, S_0x562c44371800;
    %join;
    %pushi/vec4 6, 0, 4;
    %store/vec4 v0x562c4439bb30_0, 0, 4;
    %pushi/vec4 2147483648, 0, 32;
    %store/vec4 v0x562c4439bbf0_0, 0, 32;
    %pushi/vec4 4, 0, 32;
    %store/vec4 v0x562c4439bcd0_0, 0, 32;
    %pushi/vec4 134217728, 0, 32;
    %store/vec4 v0x562c443719e0_0, 0, 32;
    %pushi/vec4 0, 0, 32; draw_string_vec4
    %pushi/vec4 0, 0, 32; draw_string_vec4
    %concat/vec4; draw_string_vec4
    %pushi/vec4 0, 0, 32; draw_string_vec4
    %concat/vec4; draw_string_vec4
    %pushi/vec4 5460556, 0, 32; draw_string_vec4
    %concat/vec4; draw_string_vec4
    %store/vec4 v0x562c4439ba50_0, 0, 128;
    %fork TD_alu_tb.check, S_0x562c44371800;
    %join;
    %pushi/vec4 7, 0, 4;
    %store/vec4 v0x562c4439bb30_0, 0, 4;
    %pushi/vec4 2147483648, 0, 32;
    %store/vec4 v0x562c4439bbf0_0, 0, 32;
    %pushi/vec4 4, 0, 32;
    %store/vec4 v0x562c4439bcd0_0, 0, 32;
    %pushi/vec4 4160749568, 0, 32;
    %store/vec4 v0x562c443719e0_0, 0, 32;
    %pushi/vec4 0, 0, 32; draw_string_vec4
    %pushi/vec4 0, 0, 32; draw_string_vec4
    %concat/vec4; draw_string_vec4
    %pushi/vec4 0, 0, 32; draw_string_vec4
    %concat/vec4; draw_string_vec4
    %pushi/vec4 5460545, 0, 32; draw_string_vec4
    %concat/vec4; draw_string_vec4
    %store/vec4 v0x562c4439ba50_0, 0, 128;
    %fork TD_alu_tb.check, S_0x562c44371800;
    %join;
    %pushi/vec4 6, 0, 4;
    %store/vec4 v0x562c4439bb30_0, 0, 4;
    %pushi/vec4 16, 0, 32;
    %store/vec4 v0x562c4439bbf0_0, 0, 32;
    %pushi/vec4 36, 0, 32;
    %store/vec4 v0x562c4439bcd0_0, 0, 32;
    %pushi/vec4 1, 0, 32;
    %store/vec4 v0x562c443719e0_0, 0, 32;
    %pushi/vec4 2178272661, 0, 34;
    %concati/vec4 3431051709, 0, 32;
    %concati/vec4 3699430529, 0, 32;
    %concati/vec4 577336435, 0, 30;
    %store/vec4 v0x562c4439ba50_0, 0, 128;
    %fork TD_alu_tb.check, S_0x562c44371800;
    %join;
    %pushi/vec4 8, 0, 4;
    %store/vec4 v0x562c4439bb30_0, 0, 4;
    %pushi/vec4 4042322160, 0, 32;
    %store/vec4 v0x562c4439bbf0_0, 0, 32;
    %pushi/vec4 252645135, 0, 32;
    %store/vec4 v0x562c4439bcd0_0, 0, 32;
    %pushi/vec4 4294967295, 0, 32;
    %store/vec4 v0x562c443719e0_0, 0, 32;
    %pushi/vec4 0, 0, 32; draw_string_vec4
    %pushi/vec4 0, 0, 32; draw_string_vec4
    %concat/vec4; draw_string_vec4
    %pushi/vec4 0, 0, 32; draw_string_vec4
    %concat/vec4; draw_string_vec4
    %pushi/vec4 20306, 0, 32; draw_string_vec4
    %concat/vec4; draw_string_vec4
    %store/vec4 v0x562c4439ba50_0, 0, 128;
    %fork TD_alu_tb.check, S_0x562c44371800;
    %join;
    %pushi/vec4 9, 0, 4;
    %store/vec4 v0x562c4439bb30_0, 0, 4;
    %pushi/vec4 4042322160, 0, 32;
    %store/vec4 v0x562c4439bbf0_0, 0, 32;
    %pushi/vec4 4294901760, 0, 32;
    %store/vec4 v0x562c4439bcd0_0, 0, 32;
    %pushi/vec4 4042260480, 0, 32;
    %store/vec4 v0x562c443719e0_0, 0, 32;
    %pushi/vec4 0, 0, 32; draw_string_vec4
    %pushi/vec4 0, 0, 32; draw_string_vec4
    %concat/vec4; draw_string_vec4
    %pushi/vec4 0, 0, 32; draw_string_vec4
    %concat/vec4; draw_string_vec4
    %pushi/vec4 4279876, 0, 32; draw_string_vec4
    %concat/vec4; draw_string_vec4
    %store/vec4 v0x562c4439ba50_0, 0, 128;
    %fork TD_alu_tb.check, S_0x562c44371800;
    %join;
    %pushi/vec4 1, 0, 4;
    %store/vec4 v0x562c4439d000_0, 0, 4;
    %pushi/vec4 7, 0, 32;
    %store/vec4 v0x562c4439cf20_0, 0, 32;
    %pushi/vec4 7, 0, 32;
    %store/vec4 v0x562c4439d0d0_0, 0, 32;
    %delay 10000, 0;
    %load/vec4 v0x562c4439d380_0;
    %cmpi/ne 1, 0, 1;
    %jmp/0xz  T_3.0, 6;
    %vpi_call 2 44 "$display", "FAIL zero flag" {0 0 0};
    %load/vec4 v0x562c4439d1d0_0;
    %addi 1, 0, 32;
    %store/vec4 v0x562c4439d1d0_0, 0, 32;
    %jmp T_3.1;
T_3.0 ;
    %vpi_call 2 45 "$display", "PASS zero flag" {0 0 0};
T_3.1 ;
    %load/vec4 v0x562c4439d1d0_0;
    %cmpi/e 0, 0, 32;
    %jmp/0xz  T_3.2, 4;
    %vpi_call 2 47 "$display", "ALU: ALL TESTS PASSED" {0 0 0};
    %jmp T_3.3;
T_3.2 ;
    %vpi_call 2 48 "$display", "ALU: %0d TEST(S) FAILED", v0x562c4439d1d0_0 {0 0 0};
T_3.3 ;
    %vpi_call 2 49 "$finish" {0 0 0};
    %end;
    .thread T_3;
# The file index is used to find the file name in the following table.
:file_names 4;
    "N/A";
    "<interactive>";
    "alu-tb.v";
    "alu.v";
