#! /usr/bin/vvp
:ivl_version "13.0 (stable)" "(v13_0)";
:ivl_delay_selection "TYPICAL";
:vpi_time_precision - 12;
:vpi_module "/usr/lib/x86_64-linux-gnu/ivl/system.vpi";
:vpi_module "/usr/lib/x86_64-linux-gnu/ivl/vhdl_sys.vpi";
:vpi_module "/usr/lib/x86_64-linux-gnu/ivl/vhdl_textio.vpi";
:vpi_module "/usr/lib/x86_64-linux-gnu/ivl/v2005_math.vpi";
:vpi_module "/usr/lib/x86_64-linux-gnu/ivl/va_math.vpi";
S_0x55e022a00a30 .scope module, "data_memory_tb" "data_memory_tb" 2 2;
 .timescale -9 -12;
v0x55e022a39190_0 .var "addr", 31 0;
v0x55e022a39270_0 .var "clk", 0 0;
v0x55e022a39340_0 .var/i "errors", 31 0;
v0x55e022a39410_0 .var "funct3", 2 0;
v0x55e022a394e0_0 .var "mem_read", 0 0;
v0x55e022a395d0_0 .var "mem_write", 0 0;
v0x55e022a396a0_0 .net "rdata", 31 0, v0x55e022a38580_0;  1 drivers
v0x55e022a39770_0 .var "wdata", 31 0;
S_0x55e022a00bc0 .scope module, "dut" "data_memory" 2 9, 3 11 0, S_0x55e022a00a30;
 .timescale -9 -12;
    .port_info 0 /INPUT 1 "clk";
    .port_info 1 /INPUT 1 "mem_write";
    .port_info 2 /INPUT 1 "mem_read";
    .port_info 3 /INPUT 3 "funct3";
    .port_info 4 /INPUT 32 "addr";
    .port_info 5 /INPUT 32 "wdata";
    .port_info 6 /OUTPUT 32 "rdata";
P_0x55e022a00d50 .param/l "SIZE_BYTES" 0 3 12, +C4<00000000000000000000000100000000>;
L_0x7fdda2d90018 .functor BUFT 1, C4<00000000000000000000000100000000>, C4<0>, C4<0>, C4<0>;
v0x55e0229e98a0_0 .net/2u *"_ivl_0", 31 0, L_0x7fdda2d90018;  1 drivers
v0x55e022a356c0_0 .net "a", 31 0, L_0x55e022a498b0;  1 drivers
v0x55e022a357a0_0 .net "addr", 31 0, v0x55e022a39190_0;  1 drivers
v0x55e022a35860_0 .net "clk", 0 0, v0x55e022a39270_0;  1 drivers
v0x55e022a35920_0 .net "funct3", 2 0, v0x55e022a39410_0;  1 drivers
v0x55e022a35a50_0 .var/i "i", 31 0;
v0x55e022a35b30 .array "mem", 255 0, 7 0;
v0x55e022a38400_0 .net "mem_read", 0 0, v0x55e022a394e0_0;  1 drivers
v0x55e022a384c0_0 .net "mem_write", 0 0, v0x55e022a395d0_0;  1 drivers
v0x55e022a38580_0 .var "rdata", 31 0;
v0x55e022a38660_0 .net "wdata", 31 0, v0x55e022a39770_0;  1 drivers
v0x55e022a35b30_0 .array/port v0x55e022a35b30, 0;
E_0x55e0229f9540/0 .event anyedge, v0x55e022a38400_0, v0x55e022a35920_0, v0x55e022a356c0_0, v0x55e022a35b30_0;
v0x55e022a35b30_1 .array/port v0x55e022a35b30, 1;
v0x55e022a35b30_2 .array/port v0x55e022a35b30, 2;
v0x55e022a35b30_3 .array/port v0x55e022a35b30, 3;
v0x55e022a35b30_4 .array/port v0x55e022a35b30, 4;
E_0x55e0229f9540/1 .event anyedge, v0x55e022a35b30_1, v0x55e022a35b30_2, v0x55e022a35b30_3, v0x55e022a35b30_4;
v0x55e022a35b30_5 .array/port v0x55e022a35b30, 5;
v0x55e022a35b30_6 .array/port v0x55e022a35b30, 6;
v0x55e022a35b30_7 .array/port v0x55e022a35b30, 7;
v0x55e022a35b30_8 .array/port v0x55e022a35b30, 8;
E_0x55e0229f9540/2 .event anyedge, v0x55e022a35b30_5, v0x55e022a35b30_6, v0x55e022a35b30_7, v0x55e022a35b30_8;
v0x55e022a35b30_9 .array/port v0x55e022a35b30, 9;
v0x55e022a35b30_10 .array/port v0x55e022a35b30, 10;
v0x55e022a35b30_11 .array/port v0x55e022a35b30, 11;
v0x55e022a35b30_12 .array/port v0x55e022a35b30, 12;
E_0x55e0229f9540/3 .event anyedge, v0x55e022a35b30_9, v0x55e022a35b30_10, v0x55e022a35b30_11, v0x55e022a35b30_12;
v0x55e022a35b30_13 .array/port v0x55e022a35b30, 13;
v0x55e022a35b30_14 .array/port v0x55e022a35b30, 14;
v0x55e022a35b30_15 .array/port v0x55e022a35b30, 15;
v0x55e022a35b30_16 .array/port v0x55e022a35b30, 16;
E_0x55e0229f9540/4 .event anyedge, v0x55e022a35b30_13, v0x55e022a35b30_14, v0x55e022a35b30_15, v0x55e022a35b30_16;
v0x55e022a35b30_17 .array/port v0x55e022a35b30, 17;
v0x55e022a35b30_18 .array/port v0x55e022a35b30, 18;
v0x55e022a35b30_19 .array/port v0x55e022a35b30, 19;
v0x55e022a35b30_20 .array/port v0x55e022a35b30, 20;
E_0x55e0229f9540/5 .event anyedge, v0x55e022a35b30_17, v0x55e022a35b30_18, v0x55e022a35b30_19, v0x55e022a35b30_20;
v0x55e022a35b30_21 .array/port v0x55e022a35b30, 21;
v0x55e022a35b30_22 .array/port v0x55e022a35b30, 22;
v0x55e022a35b30_23 .array/port v0x55e022a35b30, 23;
v0x55e022a35b30_24 .array/port v0x55e022a35b30, 24;
E_0x55e0229f9540/6 .event anyedge, v0x55e022a35b30_21, v0x55e022a35b30_22, v0x55e022a35b30_23, v0x55e022a35b30_24;
v0x55e022a35b30_25 .array/port v0x55e022a35b30, 25;
v0x55e022a35b30_26 .array/port v0x55e022a35b30, 26;
v0x55e022a35b30_27 .array/port v0x55e022a35b30, 27;
v0x55e022a35b30_28 .array/port v0x55e022a35b30, 28;
E_0x55e0229f9540/7 .event anyedge, v0x55e022a35b30_25, v0x55e022a35b30_26, v0x55e022a35b30_27, v0x55e022a35b30_28;
v0x55e022a35b30_29 .array/port v0x55e022a35b30, 29;
v0x55e022a35b30_30 .array/port v0x55e022a35b30, 30;
v0x55e022a35b30_31 .array/port v0x55e022a35b30, 31;
v0x55e022a35b30_32 .array/port v0x55e022a35b30, 32;
E_0x55e0229f9540/8 .event anyedge, v0x55e022a35b30_29, v0x55e022a35b30_30, v0x55e022a35b30_31, v0x55e022a35b30_32;
v0x55e022a35b30_33 .array/port v0x55e022a35b30, 33;
v0x55e022a35b30_34 .array/port v0x55e022a35b30, 34;
v0x55e022a35b30_35 .array/port v0x55e022a35b30, 35;
v0x55e022a35b30_36 .array/port v0x55e022a35b30, 36;
E_0x55e0229f9540/9 .event anyedge, v0x55e022a35b30_33, v0x55e022a35b30_34, v0x55e022a35b30_35, v0x55e022a35b30_36;
v0x55e022a35b30_37 .array/port v0x55e022a35b30, 37;
v0x55e022a35b30_38 .array/port v0x55e022a35b30, 38;
v0x55e022a35b30_39 .array/port v0x55e022a35b30, 39;
v0x55e022a35b30_40 .array/port v0x55e022a35b30, 40;
E_0x55e0229f9540/10 .event anyedge, v0x55e022a35b30_37, v0x55e022a35b30_38, v0x55e022a35b30_39, v0x55e022a35b30_40;
v0x55e022a35b30_41 .array/port v0x55e022a35b30, 41;
v0x55e022a35b30_42 .array/port v0x55e022a35b30, 42;
v0x55e022a35b30_43 .array/port v0x55e022a35b30, 43;
v0x55e022a35b30_44 .array/port v0x55e022a35b30, 44;
E_0x55e0229f9540/11 .event anyedge, v0x55e022a35b30_41, v0x55e022a35b30_42, v0x55e022a35b30_43, v0x55e022a35b30_44;
v0x55e022a35b30_45 .array/port v0x55e022a35b30, 45;
v0x55e022a35b30_46 .array/port v0x55e022a35b30, 46;
v0x55e022a35b30_47 .array/port v0x55e022a35b30, 47;
v0x55e022a35b30_48 .array/port v0x55e022a35b30, 48;
E_0x55e0229f9540/12 .event anyedge, v0x55e022a35b30_45, v0x55e022a35b30_46, v0x55e022a35b30_47, v0x55e022a35b30_48;
v0x55e022a35b30_49 .array/port v0x55e022a35b30, 49;
v0x55e022a35b30_50 .array/port v0x55e022a35b30, 50;
v0x55e022a35b30_51 .array/port v0x55e022a35b30, 51;
v0x55e022a35b30_52 .array/port v0x55e022a35b30, 52;
E_0x55e0229f9540/13 .event anyedge, v0x55e022a35b30_49, v0x55e022a35b30_50, v0x55e022a35b30_51, v0x55e022a35b30_52;
v0x55e022a35b30_53 .array/port v0x55e022a35b30, 53;
v0x55e022a35b30_54 .array/port v0x55e022a35b30, 54;
v0x55e022a35b30_55 .array/port v0x55e022a35b30, 55;
v0x55e022a35b30_56 .array/port v0x55e022a35b30, 56;
E_0x55e0229f9540/14 .event anyedge, v0x55e022a35b30_53, v0x55e022a35b30_54, v0x55e022a35b30_55, v0x55e022a35b30_56;
v0x55e022a35b30_57 .array/port v0x55e022a35b30, 57;
v0x55e022a35b30_58 .array/port v0x55e022a35b30, 58;
v0x55e022a35b30_59 .array/port v0x55e022a35b30, 59;
v0x55e022a35b30_60 .array/port v0x55e022a35b30, 60;
E_0x55e0229f9540/15 .event anyedge, v0x55e022a35b30_57, v0x55e022a35b30_58, v0x55e022a35b30_59, v0x55e022a35b30_60;
v0x55e022a35b30_61 .array/port v0x55e022a35b30, 61;
v0x55e022a35b30_62 .array/port v0x55e022a35b30, 62;
v0x55e022a35b30_63 .array/port v0x55e022a35b30, 63;
v0x55e022a35b30_64 .array/port v0x55e022a35b30, 64;
E_0x55e0229f9540/16 .event anyedge, v0x55e022a35b30_61, v0x55e022a35b30_62, v0x55e022a35b30_63, v0x55e022a35b30_64;
v0x55e022a35b30_65 .array/port v0x55e022a35b30, 65;
v0x55e022a35b30_66 .array/port v0x55e022a35b30, 66;
v0x55e022a35b30_67 .array/port v0x55e022a35b30, 67;
v0x55e022a35b30_68 .array/port v0x55e022a35b30, 68;
E_0x55e0229f9540/17 .event anyedge, v0x55e022a35b30_65, v0x55e022a35b30_66, v0x55e022a35b30_67, v0x55e022a35b30_68;
v0x55e022a35b30_69 .array/port v0x55e022a35b30, 69;
v0x55e022a35b30_70 .array/port v0x55e022a35b30, 70;
v0x55e022a35b30_71 .array/port v0x55e022a35b30, 71;
v0x55e022a35b30_72 .array/port v0x55e022a35b30, 72;
E_0x55e0229f9540/18 .event anyedge, v0x55e022a35b30_69, v0x55e022a35b30_70, v0x55e022a35b30_71, v0x55e022a35b30_72;
v0x55e022a35b30_73 .array/port v0x55e022a35b30, 73;
v0x55e022a35b30_74 .array/port v0x55e022a35b30, 74;
v0x55e022a35b30_75 .array/port v0x55e022a35b30, 75;
v0x55e022a35b30_76 .array/port v0x55e022a35b30, 76;
E_0x55e0229f9540/19 .event anyedge, v0x55e022a35b30_73, v0x55e022a35b30_74, v0x55e022a35b30_75, v0x55e022a35b30_76;
v0x55e022a35b30_77 .array/port v0x55e022a35b30, 77;
v0x55e022a35b30_78 .array/port v0x55e022a35b30, 78;
v0x55e022a35b30_79 .array/port v0x55e022a35b30, 79;
v0x55e022a35b30_80 .array/port v0x55e022a35b30, 80;
E_0x55e0229f9540/20 .event anyedge, v0x55e022a35b30_77, v0x55e022a35b30_78, v0x55e022a35b30_79, v0x55e022a35b30_80;
v0x55e022a35b30_81 .array/port v0x55e022a35b30, 81;
v0x55e022a35b30_82 .array/port v0x55e022a35b30, 82;
v0x55e022a35b30_83 .array/port v0x55e022a35b30, 83;
v0x55e022a35b30_84 .array/port v0x55e022a35b30, 84;
E_0x55e0229f9540/21 .event anyedge, v0x55e022a35b30_81, v0x55e022a35b30_82, v0x55e022a35b30_83, v0x55e022a35b30_84;
v0x55e022a35b30_85 .array/port v0x55e022a35b30, 85;
v0x55e022a35b30_86 .array/port v0x55e022a35b30, 86;
v0x55e022a35b30_87 .array/port v0x55e022a35b30, 87;
v0x55e022a35b30_88 .array/port v0x55e022a35b30, 88;
E_0x55e0229f9540/22 .event anyedge, v0x55e022a35b30_85, v0x55e022a35b30_86, v0x55e022a35b30_87, v0x55e022a35b30_88;
v0x55e022a35b30_89 .array/port v0x55e022a35b30, 89;
v0x55e022a35b30_90 .array/port v0x55e022a35b30, 90;
v0x55e022a35b30_91 .array/port v0x55e022a35b30, 91;
v0x55e022a35b30_92 .array/port v0x55e022a35b30, 92;
E_0x55e0229f9540/23 .event anyedge, v0x55e022a35b30_89, v0x55e022a35b30_90, v0x55e022a35b30_91, v0x55e022a35b30_92;
v0x55e022a35b30_93 .array/port v0x55e022a35b30, 93;
v0x55e022a35b30_94 .array/port v0x55e022a35b30, 94;
v0x55e022a35b30_95 .array/port v0x55e022a35b30, 95;
v0x55e022a35b30_96 .array/port v0x55e022a35b30, 96;
E_0x55e0229f9540/24 .event anyedge, v0x55e022a35b30_93, v0x55e022a35b30_94, v0x55e022a35b30_95, v0x55e022a35b30_96;
v0x55e022a35b30_97 .array/port v0x55e022a35b30, 97;
v0x55e022a35b30_98 .array/port v0x55e022a35b30, 98;
v0x55e022a35b30_99 .array/port v0x55e022a35b30, 99;
v0x55e022a35b30_100 .array/port v0x55e022a35b30, 100;
E_0x55e0229f9540/25 .event anyedge, v0x55e022a35b30_97, v0x55e022a35b30_98, v0x55e022a35b30_99, v0x55e022a35b30_100;
v0x55e022a35b30_101 .array/port v0x55e022a35b30, 101;
v0x55e022a35b30_102 .array/port v0x55e022a35b30, 102;
v0x55e022a35b30_103 .array/port v0x55e022a35b30, 103;
v0x55e022a35b30_104 .array/port v0x55e022a35b30, 104;
E_0x55e0229f9540/26 .event anyedge, v0x55e022a35b30_101, v0x55e022a35b30_102, v0x55e022a35b30_103, v0x55e022a35b30_104;
v0x55e022a35b30_105 .array/port v0x55e022a35b30, 105;
v0x55e022a35b30_106 .array/port v0x55e022a35b30, 106;
v0x55e022a35b30_107 .array/port v0x55e022a35b30, 107;
v0x55e022a35b30_108 .array/port v0x55e022a35b30, 108;
E_0x55e0229f9540/27 .event anyedge, v0x55e022a35b30_105, v0x55e022a35b30_106, v0x55e022a35b30_107, v0x55e022a35b30_108;
v0x55e022a35b30_109 .array/port v0x55e022a35b30, 109;
v0x55e022a35b30_110 .array/port v0x55e022a35b30, 110;
v0x55e022a35b30_111 .array/port v0x55e022a35b30, 111;
v0x55e022a35b30_112 .array/port v0x55e022a35b30, 112;
E_0x55e0229f9540/28 .event anyedge, v0x55e022a35b30_109, v0x55e022a35b30_110, v0x55e022a35b30_111, v0x55e022a35b30_112;
v0x55e022a35b30_113 .array/port v0x55e022a35b30, 113;
v0x55e022a35b30_114 .array/port v0x55e022a35b30, 114;
v0x55e022a35b30_115 .array/port v0x55e022a35b30, 115;
v0x55e022a35b30_116 .array/port v0x55e022a35b30, 116;
E_0x55e0229f9540/29 .event anyedge, v0x55e022a35b30_113, v0x55e022a35b30_114, v0x55e022a35b30_115, v0x55e022a35b30_116;
v0x55e022a35b30_117 .array/port v0x55e022a35b30, 117;
v0x55e022a35b30_118 .array/port v0x55e022a35b30, 118;
v0x55e022a35b30_119 .array/port v0x55e022a35b30, 119;
v0x55e022a35b30_120 .array/port v0x55e022a35b30, 120;
E_0x55e0229f9540/30 .event anyedge, v0x55e022a35b30_117, v0x55e022a35b30_118, v0x55e022a35b30_119, v0x55e022a35b30_120;
v0x55e022a35b30_121 .array/port v0x55e022a35b30, 121;
v0x55e022a35b30_122 .array/port v0x55e022a35b30, 122;
v0x55e022a35b30_123 .array/port v0x55e022a35b30, 123;
v0x55e022a35b30_124 .array/port v0x55e022a35b30, 124;
E_0x55e0229f9540/31 .event anyedge, v0x55e022a35b30_121, v0x55e022a35b30_122, v0x55e022a35b30_123, v0x55e022a35b30_124;
v0x55e022a35b30_125 .array/port v0x55e022a35b30, 125;
v0x55e022a35b30_126 .array/port v0x55e022a35b30, 126;
v0x55e022a35b30_127 .array/port v0x55e022a35b30, 127;
v0x55e022a35b30_128 .array/port v0x55e022a35b30, 128;
E_0x55e0229f9540/32 .event anyedge, v0x55e022a35b30_125, v0x55e022a35b30_126, v0x55e022a35b30_127, v0x55e022a35b30_128;
v0x55e022a35b30_129 .array/port v0x55e022a35b30, 129;
v0x55e022a35b30_130 .array/port v0x55e022a35b30, 130;
v0x55e022a35b30_131 .array/port v0x55e022a35b30, 131;
v0x55e022a35b30_132 .array/port v0x55e022a35b30, 132;
E_0x55e0229f9540/33 .event anyedge, v0x55e022a35b30_129, v0x55e022a35b30_130, v0x55e022a35b30_131, v0x55e022a35b30_132;
v0x55e022a35b30_133 .array/port v0x55e022a35b30, 133;
v0x55e022a35b30_134 .array/port v0x55e022a35b30, 134;
v0x55e022a35b30_135 .array/port v0x55e022a35b30, 135;
v0x55e022a35b30_136 .array/port v0x55e022a35b30, 136;
E_0x55e0229f9540/34 .event anyedge, v0x55e022a35b30_133, v0x55e022a35b30_134, v0x55e022a35b30_135, v0x55e022a35b30_136;
v0x55e022a35b30_137 .array/port v0x55e022a35b30, 137;
v0x55e022a35b30_138 .array/port v0x55e022a35b30, 138;
v0x55e022a35b30_139 .array/port v0x55e022a35b30, 139;
v0x55e022a35b30_140 .array/port v0x55e022a35b30, 140;
E_0x55e0229f9540/35 .event anyedge, v0x55e022a35b30_137, v0x55e022a35b30_138, v0x55e022a35b30_139, v0x55e022a35b30_140;
v0x55e022a35b30_141 .array/port v0x55e022a35b30, 141;
v0x55e022a35b30_142 .array/port v0x55e022a35b30, 142;
v0x55e022a35b30_143 .array/port v0x55e022a35b30, 143;
v0x55e022a35b30_144 .array/port v0x55e022a35b30, 144;
E_0x55e0229f9540/36 .event anyedge, v0x55e022a35b30_141, v0x55e022a35b30_142, v0x55e022a35b30_143, v0x55e022a35b30_144;
v0x55e022a35b30_145 .array/port v0x55e022a35b30, 145;
v0x55e022a35b30_146 .array/port v0x55e022a35b30, 146;
v0x55e022a35b30_147 .array/port v0x55e022a35b30, 147;
v0x55e022a35b30_148 .array/port v0x55e022a35b30, 148;
E_0x55e0229f9540/37 .event anyedge, v0x55e022a35b30_145, v0x55e022a35b30_146, v0x55e022a35b30_147, v0x55e022a35b30_148;
v0x55e022a35b30_149 .array/port v0x55e022a35b30, 149;
v0x55e022a35b30_150 .array/port v0x55e022a35b30, 150;
v0x55e022a35b30_151 .array/port v0x55e022a35b30, 151;
v0x55e022a35b30_152 .array/port v0x55e022a35b30, 152;
E_0x55e0229f9540/38 .event anyedge, v0x55e022a35b30_149, v0x55e022a35b30_150, v0x55e022a35b30_151, v0x55e022a35b30_152;
v0x55e022a35b30_153 .array/port v0x55e022a35b30, 153;
v0x55e022a35b30_154 .array/port v0x55e022a35b30, 154;
v0x55e022a35b30_155 .array/port v0x55e022a35b30, 155;
v0x55e022a35b30_156 .array/port v0x55e022a35b30, 156;
E_0x55e0229f9540/39 .event anyedge, v0x55e022a35b30_153, v0x55e022a35b30_154, v0x55e022a35b30_155, v0x55e022a35b30_156;
v0x55e022a35b30_157 .array/port v0x55e022a35b30, 157;
v0x55e022a35b30_158 .array/port v0x55e022a35b30, 158;
v0x55e022a35b30_159 .array/port v0x55e022a35b30, 159;
v0x55e022a35b30_160 .array/port v0x55e022a35b30, 160;
E_0x55e0229f9540/40 .event anyedge, v0x55e022a35b30_157, v0x55e022a35b30_158, v0x55e022a35b30_159, v0x55e022a35b30_160;
v0x55e022a35b30_161 .array/port v0x55e022a35b30, 161;
v0x55e022a35b30_162 .array/port v0x55e022a35b30, 162;
v0x55e022a35b30_163 .array/port v0x55e022a35b30, 163;
v0x55e022a35b30_164 .array/port v0x55e022a35b30, 164;
E_0x55e0229f9540/41 .event anyedge, v0x55e022a35b30_161, v0x55e022a35b30_162, v0x55e022a35b30_163, v0x55e022a35b30_164;
v0x55e022a35b30_165 .array/port v0x55e022a35b30, 165;
v0x55e022a35b30_166 .array/port v0x55e022a35b30, 166;
v0x55e022a35b30_167 .array/port v0x55e022a35b30, 167;
v0x55e022a35b30_168 .array/port v0x55e022a35b30, 168;
E_0x55e0229f9540/42 .event anyedge, v0x55e022a35b30_165, v0x55e022a35b30_166, v0x55e022a35b30_167, v0x55e022a35b30_168;
v0x55e022a35b30_169 .array/port v0x55e022a35b30, 169;
v0x55e022a35b30_170 .array/port v0x55e022a35b30, 170;
v0x55e022a35b30_171 .array/port v0x55e022a35b30, 171;
v0x55e022a35b30_172 .array/port v0x55e022a35b30, 172;
E_0x55e0229f9540/43 .event anyedge, v0x55e022a35b30_169, v0x55e022a35b30_170, v0x55e022a35b30_171, v0x55e022a35b30_172;
v0x55e022a35b30_173 .array/port v0x55e022a35b30, 173;
v0x55e022a35b30_174 .array/port v0x55e022a35b30, 174;
v0x55e022a35b30_175 .array/port v0x55e022a35b30, 175;
v0x55e022a35b30_176 .array/port v0x55e022a35b30, 176;
E_0x55e0229f9540/44 .event anyedge, v0x55e022a35b30_173, v0x55e022a35b30_174, v0x55e022a35b30_175, v0x55e022a35b30_176;
v0x55e022a35b30_177 .array/port v0x55e022a35b30, 177;
v0x55e022a35b30_178 .array/port v0x55e022a35b30, 178;
v0x55e022a35b30_179 .array/port v0x55e022a35b30, 179;
v0x55e022a35b30_180 .array/port v0x55e022a35b30, 180;
E_0x55e0229f9540/45 .event anyedge, v0x55e022a35b30_177, v0x55e022a35b30_178, v0x55e022a35b30_179, v0x55e022a35b30_180;
v0x55e022a35b30_181 .array/port v0x55e022a35b30, 181;
v0x55e022a35b30_182 .array/port v0x55e022a35b30, 182;
v0x55e022a35b30_183 .array/port v0x55e022a35b30, 183;
v0x55e022a35b30_184 .array/port v0x55e022a35b30, 184;
E_0x55e0229f9540/46 .event anyedge, v0x55e022a35b30_181, v0x55e022a35b30_182, v0x55e022a35b30_183, v0x55e022a35b30_184;
v0x55e022a35b30_185 .array/port v0x55e022a35b30, 185;
v0x55e022a35b30_186 .array/port v0x55e022a35b30, 186;
v0x55e022a35b30_187 .array/port v0x55e022a35b30, 187;
v0x55e022a35b30_188 .array/port v0x55e022a35b30, 188;
E_0x55e0229f9540/47 .event anyedge, v0x55e022a35b30_185, v0x55e022a35b30_186, v0x55e022a35b30_187, v0x55e022a35b30_188;
v0x55e022a35b30_189 .array/port v0x55e022a35b30, 189;
v0x55e022a35b30_190 .array/port v0x55e022a35b30, 190;
v0x55e022a35b30_191 .array/port v0x55e022a35b30, 191;
v0x55e022a35b30_192 .array/port v0x55e022a35b30, 192;
E_0x55e0229f9540/48 .event anyedge, v0x55e022a35b30_189, v0x55e022a35b30_190, v0x55e022a35b30_191, v0x55e022a35b30_192;
v0x55e022a35b30_193 .array/port v0x55e022a35b30, 193;
v0x55e022a35b30_194 .array/port v0x55e022a35b30, 194;
v0x55e022a35b30_195 .array/port v0x55e022a35b30, 195;
v0x55e022a35b30_196 .array/port v0x55e022a35b30, 196;
E_0x55e0229f9540/49 .event anyedge, v0x55e022a35b30_193, v0x55e022a35b30_194, v0x55e022a35b30_195, v0x55e022a35b30_196;
v0x55e022a35b30_197 .array/port v0x55e022a35b30, 197;
v0x55e022a35b30_198 .array/port v0x55e022a35b30, 198;
v0x55e022a35b30_199 .array/port v0x55e022a35b30, 199;
v0x55e022a35b30_200 .array/port v0x55e022a35b30, 200;
E_0x55e0229f9540/50 .event anyedge, v0x55e022a35b30_197, v0x55e022a35b30_198, v0x55e022a35b30_199, v0x55e022a35b30_200;
v0x55e022a35b30_201 .array/port v0x55e022a35b30, 201;
v0x55e022a35b30_202 .array/port v0x55e022a35b30, 202;
v0x55e022a35b30_203 .array/port v0x55e022a35b30, 203;
v0x55e022a35b30_204 .array/port v0x55e022a35b30, 204;
E_0x55e0229f9540/51 .event anyedge, v0x55e022a35b30_201, v0x55e022a35b30_202, v0x55e022a35b30_203, v0x55e022a35b30_204;
v0x55e022a35b30_205 .array/port v0x55e022a35b30, 205;
v0x55e022a35b30_206 .array/port v0x55e022a35b30, 206;
v0x55e022a35b30_207 .array/port v0x55e022a35b30, 207;
v0x55e022a35b30_208 .array/port v0x55e022a35b30, 208;
E_0x55e0229f9540/52 .event anyedge, v0x55e022a35b30_205, v0x55e022a35b30_206, v0x55e022a35b30_207, v0x55e022a35b30_208;
v0x55e022a35b30_209 .array/port v0x55e022a35b30, 209;
v0x55e022a35b30_210 .array/port v0x55e022a35b30, 210;
v0x55e022a35b30_211 .array/port v0x55e022a35b30, 211;
v0x55e022a35b30_212 .array/port v0x55e022a35b30, 212;
E_0x55e0229f9540/53 .event anyedge, v0x55e022a35b30_209, v0x55e022a35b30_210, v0x55e022a35b30_211, v0x55e022a35b30_212;
v0x55e022a35b30_213 .array/port v0x55e022a35b30, 213;
v0x55e022a35b30_214 .array/port v0x55e022a35b30, 214;
v0x55e022a35b30_215 .array/port v0x55e022a35b30, 215;
v0x55e022a35b30_216 .array/port v0x55e022a35b30, 216;
E_0x55e0229f9540/54 .event anyedge, v0x55e022a35b30_213, v0x55e022a35b30_214, v0x55e022a35b30_215, v0x55e022a35b30_216;
v0x55e022a35b30_217 .array/port v0x55e022a35b30, 217;
v0x55e022a35b30_218 .array/port v0x55e022a35b30, 218;
v0x55e022a35b30_219 .array/port v0x55e022a35b30, 219;
v0x55e022a35b30_220 .array/port v0x55e022a35b30, 220;
E_0x55e0229f9540/55 .event anyedge, v0x55e022a35b30_217, v0x55e022a35b30_218, v0x55e022a35b30_219, v0x55e022a35b30_220;
v0x55e022a35b30_221 .array/port v0x55e022a35b30, 221;
v0x55e022a35b30_222 .array/port v0x55e022a35b30, 222;
v0x55e022a35b30_223 .array/port v0x55e022a35b30, 223;
v0x55e022a35b30_224 .array/port v0x55e022a35b30, 224;
E_0x55e0229f9540/56 .event anyedge, v0x55e022a35b30_221, v0x55e022a35b30_222, v0x55e022a35b30_223, v0x55e022a35b30_224;
v0x55e022a35b30_225 .array/port v0x55e022a35b30, 225;
v0x55e022a35b30_226 .array/port v0x55e022a35b30, 226;
v0x55e022a35b30_227 .array/port v0x55e022a35b30, 227;
v0x55e022a35b30_228 .array/port v0x55e022a35b30, 228;
E_0x55e0229f9540/57 .event anyedge, v0x55e022a35b30_225, v0x55e022a35b30_226, v0x55e022a35b30_227, v0x55e022a35b30_228;
v0x55e022a35b30_229 .array/port v0x55e022a35b30, 229;
v0x55e022a35b30_230 .array/port v0x55e022a35b30, 230;
v0x55e022a35b30_231 .array/port v0x55e022a35b30, 231;
v0x55e022a35b30_232 .array/port v0x55e022a35b30, 232;
E_0x55e0229f9540/58 .event anyedge, v0x55e022a35b30_229, v0x55e022a35b30_230, v0x55e022a35b30_231, v0x55e022a35b30_232;
v0x55e022a35b30_233 .array/port v0x55e022a35b30, 233;
v0x55e022a35b30_234 .array/port v0x55e022a35b30, 234;
v0x55e022a35b30_235 .array/port v0x55e022a35b30, 235;
v0x55e022a35b30_236 .array/port v0x55e022a35b30, 236;
E_0x55e0229f9540/59 .event anyedge, v0x55e022a35b30_233, v0x55e022a35b30_234, v0x55e022a35b30_235, v0x55e022a35b30_236;
v0x55e022a35b30_237 .array/port v0x55e022a35b30, 237;
v0x55e022a35b30_238 .array/port v0x55e022a35b30, 238;
v0x55e022a35b30_239 .array/port v0x55e022a35b30, 239;
v0x55e022a35b30_240 .array/port v0x55e022a35b30, 240;
E_0x55e0229f9540/60 .event anyedge, v0x55e022a35b30_237, v0x55e022a35b30_238, v0x55e022a35b30_239, v0x55e022a35b30_240;
v0x55e022a35b30_241 .array/port v0x55e022a35b30, 241;
v0x55e022a35b30_242 .array/port v0x55e022a35b30, 242;
v0x55e022a35b30_243 .array/port v0x55e022a35b30, 243;
v0x55e022a35b30_244 .array/port v0x55e022a35b30, 244;
E_0x55e0229f9540/61 .event anyedge, v0x55e022a35b30_241, v0x55e022a35b30_242, v0x55e022a35b30_243, v0x55e022a35b30_244;
v0x55e022a35b30_245 .array/port v0x55e022a35b30, 245;
v0x55e022a35b30_246 .array/port v0x55e022a35b30, 246;
v0x55e022a35b30_247 .array/port v0x55e022a35b30, 247;
v0x55e022a35b30_248 .array/port v0x55e022a35b30, 248;
E_0x55e0229f9540/62 .event anyedge, v0x55e022a35b30_245, v0x55e022a35b30_246, v0x55e022a35b30_247, v0x55e022a35b30_248;
v0x55e022a35b30_249 .array/port v0x55e022a35b30, 249;
v0x55e022a35b30_250 .array/port v0x55e022a35b30, 250;
v0x55e022a35b30_251 .array/port v0x55e022a35b30, 251;
v0x55e022a35b30_252 .array/port v0x55e022a35b30, 252;
E_0x55e0229f9540/63 .event anyedge, v0x55e022a35b30_249, v0x55e022a35b30_250, v0x55e022a35b30_251, v0x55e022a35b30_252;
v0x55e022a35b30_253 .array/port v0x55e022a35b30, 253;
v0x55e022a35b30_254 .array/port v0x55e022a35b30, 254;
v0x55e022a35b30_255 .array/port v0x55e022a35b30, 255;
E_0x55e0229f9540/64 .event anyedge, v0x55e022a35b30_253, v0x55e022a35b30_254, v0x55e022a35b30_255;
E_0x55e0229f9540 .event/or E_0x55e0229f9540/0, E_0x55e0229f9540/1, E_0x55e0229f9540/2, E_0x55e0229f9540/3, E_0x55e0229f9540/4, E_0x55e0229f9540/5, E_0x55e0229f9540/6, E_0x55e0229f9540/7, E_0x55e0229f9540/8, E_0x55e0229f9540/9, E_0x55e0229f9540/10, E_0x55e0229f9540/11, E_0x55e0229f9540/12, E_0x55e0229f9540/13, E_0x55e0229f9540/14, E_0x55e0229f9540/15, E_0x55e0229f9540/16, E_0x55e0229f9540/17, E_0x55e0229f9540/18, E_0x55e0229f9540/19, E_0x55e0229f9540/20, E_0x55e0229f9540/21, E_0x55e0229f9540/22, E_0x55e0229f9540/23, E_0x55e0229f9540/24, E_0x55e0229f9540/25, E_0x55e0229f9540/26, E_0x55e0229f9540/27, E_0x55e0229f9540/28, E_0x55e0229f9540/29, E_0x55e0229f9540/30, E_0x55e0229f9540/31, E_0x55e0229f9540/32, E_0x55e0229f9540/33, E_0x55e0229f9540/34, E_0x55e0229f9540/35, E_0x55e0229f9540/36, E_0x55e0229f9540/37, E_0x55e0229f9540/38, E_0x55e0229f9540/39, E_0x55e0229f9540/40, E_0x55e0229f9540/41, E_0x55e0229f9540/42, E_0x55e0229f9540/43, E_0x55e0229f9540/44, E_0x55e0229f9540/45, E_0x55e0229f9540/46, E_0x55e0229f9540/47, E_0x55e0229f9540/48, E_0x55e0229f9540/49, E_0x55e0229f9540/50, E_0x55e0229f9540/51, E_0x55e0229f9540/52, E_0x55e0229f9540/53, E_0x55e0229f9540/54, E_0x55e0229f9540/55, E_0x55e0229f9540/56, E_0x55e0229f9540/57, E_0x55e0229f9540/58, E_0x55e0229f9540/59, E_0x55e0229f9540/60, E_0x55e0229f9540/61, E_0x55e0229f9540/62, E_0x55e0229f9540/63, E_0x55e0229f9540/64;
E_0x55e0229f90d0 .event posedge, v0x55e022a35860_0;
L_0x55e022a498b0 .arith/mod 32, v0x55e022a39190_0, L_0x7fdda2d90018;
S_0x55e022a38820 .scope task, "load_check" "load_check" 2 20, 2 20 0, S_0x55e022a00a30;
 .timescale -9 -12;
v0x55e022a389d0_0 .var "a", 31 0;
v0x55e022a38ab0_0 .var "expected", 31 0;
v0x55e022a38b90_0 .var "f", 2 0;
v0x55e022a38c50_0 .var "name", 127 0;
TD_data_memory_tb.load_check ;
    %load/vec4 v0x55e022a38b90_0;
    %store/vec4 v0x55e022a39410_0, 0, 3;
    %load/vec4 v0x55e022a389d0_0;
    %store/vec4 v0x55e022a39190_0, 0, 32;
    %pushi/vec4 1, 0, 1;
    %store/vec4 v0x55e022a394e0_0, 0, 1;
    %delay 1000, 0;
    %load/vec4 v0x55e022a396a0_0;
    %load/vec4 v0x55e022a38ab0_0;
    %cmp/ne;
    %jmp/0xz  T_0.0, 6;
    %vpi_call 2 24 "$display", "FAIL %0s: got %h expected %h", v0x55e022a38c50_0, v0x55e022a396a0_0, v0x55e022a38ab0_0 {0 0 0};
    %load/vec4 v0x55e022a39340_0;
    %addi 1, 0, 32;
    %store/vec4 v0x55e022a39340_0, 0, 32;
    %jmp T_0.1;
T_0.0 ;
    %vpi_call 2 26 "$display", "PASS %0s", v0x55e022a38c50_0 {0 0 0};
T_0.1 ;
    %pushi/vec4 0, 0, 1;
    %store/vec4 v0x55e022a394e0_0, 0, 1;
    %end;
S_0x55e022a38d30 .scope task, "store" "store" 2 13, 2 13 0, S_0x55e022a00a30;
 .timescale -9 -12;
v0x55e022a38f10_0 .var "a", 31 0;
v0x55e022a38ff0_0 .var "d", 31 0;
v0x55e022a390d0_0 .var "f", 2 0;
TD_data_memory_tb.store ;
    %load/vec4 v0x55e022a390d0_0;
    %store/vec4 v0x55e022a39410_0, 0, 3;
    %load/vec4 v0x55e022a38f10_0;
    %store/vec4 v0x55e022a39190_0, 0, 32;
    %load/vec4 v0x55e022a38ff0_0;
    %store/vec4 v0x55e022a39770_0, 0, 32;
    %pushi/vec4 1, 0, 1;
    %store/vec4 v0x55e022a395d0_0, 0, 1;
    %pushi/vec4 0, 0, 1;
    %store/vec4 v0x55e022a394e0_0, 0, 1;
    %wait E_0x55e0229f90d0;
    %delay 1000, 0;
    %pushi/vec4 0, 0, 1;
    %store/vec4 v0x55e022a395d0_0, 0, 1;
    %end;
    .scope S_0x55e022a00bc0;
T_2 ;
    %pushi/vec4 0, 0, 32;
    %store/vec4 v0x55e022a35a50_0, 0, 32;
T_2.0 ; Top of for-loop
    %load/vec4 v0x55e022a35a50_0;
    %cmpi/s 256, 0, 32;
	  %jmp/0xz T_2.1, 5;
    %pushi/vec4 0, 0, 8;
    %ix/getv/s 4, v0x55e022a35a50_0;
    %store/vec4a v0x55e022a35b30, 4, 0;
T_2.2 ; for-loop step statement
    %load/vec4 v0x55e022a35a50_0;
    %addi 1, 0, 32;
    %store/vec4 v0x55e022a35a50_0, 0, 32;
    %jmp T_2.0;
T_2.1 ; for-loop exit label
    %end;
    .thread T_2;
    .scope S_0x55e022a00bc0;
T_3 ;
    %wait E_0x55e0229f90d0;
    %load/vec4 v0x55e022a384c0_0;
    %flag_set/vec4 8;
    %jmp/0xz  T_3.0, 8;
    %load/vec4 v0x55e022a38660_0;
    %parti/s 8, 0, 2;
    %ix/getv 3, v0x55e022a356c0_0;
    %ix/load 4, 0, 0; Constant delay
    %assign/vec4/a/d v0x55e022a35b30, 0, 4;
    %load/vec4 v0x55e022a35920_0;
    %parti/s 2, 0, 2;
    %cmpi/ne 0, 0, 2;
    %jmp/0xz  T_3.2, 4;
    %load/vec4 v0x55e022a38660_0;
    %parti/s 8, 8, 5;
    %load/vec4 v0x55e022a356c0_0;
    %addi 1, 0, 32;
    %ix/vec4 3;
    %ix/load 4, 0, 0; Constant delay
    %assign/vec4/a/d v0x55e022a35b30, 0, 4;
T_3.2 ;
    %load/vec4 v0x55e022a35920_0;
    %parti/s 2, 0, 2;
    %cmpi/e 2, 0, 2;
    %jmp/0xz  T_3.4, 4;
    %load/vec4 v0x55e022a38660_0;
    %parti/s 8, 16, 6;
    %load/vec4 v0x55e022a356c0_0;
    %addi 2, 0, 32;
    %ix/vec4 3;
    %ix/load 4, 0, 0; Constant delay
    %assign/vec4/a/d v0x55e022a35b30, 0, 4;
    %load/vec4 v0x55e022a38660_0;
    %parti/s 8, 24, 6;
    %load/vec4 v0x55e022a356c0_0;
    %addi 3, 0, 32;
    %ix/vec4 3;
    %ix/load 4, 0, 0; Constant delay
    %assign/vec4/a/d v0x55e022a35b30, 0, 4;
T_3.4 ;
T_3.0 ;
    %jmp T_3;
    .thread T_3;
    .scope S_0x55e022a00bc0;
T_4 ;
    %wait E_0x55e0229f9540;
    %pushi/vec4 0, 0, 32;
    %store/vec4 v0x55e022a38580_0, 0, 32;
    %load/vec4 v0x55e022a38400_0;
    %flag_set/vec4 8;
    %jmp/0xz  T_4.0, 8;
    %load/vec4 v0x55e022a35920_0;
    %dup/vec4;
    %pushi/vec4 0, 0, 3;
    %cmp/u;
    %jmp/1 T_4.2, 6;
    %dup/vec4;
    %pushi/vec4 1, 0, 3;
    %cmp/u;
    %jmp/1 T_4.3, 6;
    %dup/vec4;
    %pushi/vec4 2, 0, 3;
    %cmp/u;
    %jmp/1 T_4.4, 6;
    %dup/vec4;
    %pushi/vec4 4, 0, 3;
    %cmp/u;
    %jmp/1 T_4.5, 6;
    %dup/vec4;
    %pushi/vec4 5, 0, 3;
    %cmp/u;
    %jmp/1 T_4.6, 6;
    %pushi/vec4 0, 0, 32;
    %store/vec4 v0x55e022a38580_0, 0, 32;
    %jmp T_4.8;
T_4.2 ;
    %ix/getv 4, v0x55e022a356c0_0;
    %load/vec4a v0x55e022a35b30, 4;
    %parti/s 1, 7, 4;
    %replicate 24;
    %ix/getv 4, v0x55e022a356c0_0;
    %load/vec4a v0x55e022a35b30, 4;
    %concat/vec4; draw_concat_vec4
    %store/vec4 v0x55e022a38580_0, 0, 32;
    %jmp T_4.8;
T_4.3 ;
    %load/vec4 v0x55e022a356c0_0;
    %addi 1, 0, 32;
    %ix/vec4 4;
    %load/vec4a v0x55e022a35b30, 4;
    %parti/s 1, 7, 4;
    %replicate 16;
    %load/vec4 v0x55e022a356c0_0;
    %addi 1, 0, 32;
    %ix/vec4 4;
    %load/vec4a v0x55e022a35b30, 4;
    %concat/vec4; draw_concat_vec4
    %ix/getv 4, v0x55e022a356c0_0;
    %load/vec4a v0x55e022a35b30, 4;
    %concat/vec4; draw_concat_vec4
    %store/vec4 v0x55e022a38580_0, 0, 32;
    %jmp T_4.8;
T_4.4 ;
    %load/vec4 v0x55e022a356c0_0;
    %addi 3, 0, 32;
    %ix/vec4 4;
    %load/vec4a v0x55e022a35b30, 4;
    %load/vec4 v0x55e022a356c0_0;
    %addi 2, 0, 32;
    %ix/vec4 4;
    %load/vec4a v0x55e022a35b30, 4;
    %concat/vec4; draw_concat_vec4
    %load/vec4 v0x55e022a356c0_0;
    %addi 1, 0, 32;
    %ix/vec4 4;
    %load/vec4a v0x55e022a35b30, 4;
    %concat/vec4; draw_concat_vec4
    %ix/getv 4, v0x55e022a356c0_0;
    %load/vec4a v0x55e022a35b30, 4;
    %concat/vec4; draw_concat_vec4
    %store/vec4 v0x55e022a38580_0, 0, 32;
    %jmp T_4.8;
T_4.5 ;
    %pushi/vec4 0, 0, 24;
    %ix/getv 4, v0x55e022a356c0_0;
    %load/vec4a v0x55e022a35b30, 4;
    %concat/vec4; draw_concat_vec4
    %store/vec4 v0x55e022a38580_0, 0, 32;
    %jmp T_4.8;
T_4.6 ;
    %pushi/vec4 0, 0, 16;
    %load/vec4 v0x55e022a356c0_0;
    %addi 1, 0, 32;
    %ix/vec4 4;
    %load/vec4a v0x55e022a35b30, 4;
    %concat/vec4; draw_concat_vec4
    %ix/getv 4, v0x55e022a356c0_0;
    %load/vec4a v0x55e022a35b30, 4;
    %concat/vec4; draw_concat_vec4
    %store/vec4 v0x55e022a38580_0, 0, 32;
    %jmp T_4.8;
T_4.8 ;
    %pop/vec4 1;
T_4.0 ;
    %jmp T_4;
    .thread T_4, $push;
    .scope S_0x55e022a00a30;
T_5 ;
    %pushi/vec4 0, 0, 1;
    %store/vec4 v0x55e022a39270_0, 0, 1;
    %pushi/vec4 0, 0, 1;
    %store/vec4 v0x55e022a395d0_0, 0, 1;
    %pushi/vec4 0, 0, 1;
    %store/vec4 v0x55e022a394e0_0, 0, 1;
    %pushi/vec4 0, 0, 3;
    %store/vec4 v0x55e022a39410_0, 0, 3;
    %pushi/vec4 0, 0, 32;
    %store/vec4 v0x55e022a39190_0, 0, 32;
    %pushi/vec4 0, 0, 32;
    %store/vec4 v0x55e022a39770_0, 0, 32;
    %pushi/vec4 0, 0, 32;
    %store/vec4 v0x55e022a39340_0, 0, 32;
    %end;
    .thread T_5;
    .scope S_0x55e022a00a30;
T_6 ;
    %delay 5000, 0;
    %load/vec4 v0x55e022a39270_0;
    %inv;
    %store/vec4 v0x55e022a39270_0, 0, 1;
    %jmp T_6;
    .thread T_6;
    .scope S_0x55e022a00a30;
T_7 ;
    %vpi_call 2 32 "$dumpfile", "data_memory.vcd" {0 0 0};
    %vpi_call 2 33 "$dumpvars", 32'sb00000000000000000000000000000000, S_0x55e022a00a30 {0 0 0};
    %pushi/vec4 2, 0, 3;
    %store/vec4 v0x55e022a390d0_0, 0, 3;
    %pushi/vec4 16, 0, 32;
    %store/vec4 v0x55e022a38f10_0, 0, 32;
    %pushi/vec4 2712847316, 0, 32;
    %store/vec4 v0x55e022a38ff0_0, 0, 32;
    %fork TD_data_memory_tb.store, S_0x55e022a38d30;
    %join;
    %pushi/vec4 2, 0, 3;
    %store/vec4 v0x55e022a38b90_0, 0, 3;
    %pushi/vec4 16, 0, 32;
    %store/vec4 v0x55e022a389d0_0, 0, 32;
    %pushi/vec4 2712847316, 0, 32;
    %store/vec4 v0x55e022a38ab0_0, 0, 32;
    %pushi/vec4 0, 0, 32; draw_string_vec4
    %pushi/vec4 0, 0, 32; draw_string_vec4
    %concat/vec4; draw_string_vec4
    %pushi/vec4 0, 0, 32; draw_string_vec4
    %concat/vec4; draw_string_vec4
    %pushi/vec4 19543, 0, 32; draw_string_vec4
    %concat/vec4; draw_string_vec4
    %store/vec4 v0x55e022a38c50_0, 0, 128;
    %fork TD_data_memory_tb.load_check, S_0x55e022a38820;
    %join;
    %pushi/vec4 0, 0, 3;
    %store/vec4 v0x55e022a38b90_0, 0, 3;
    %pushi/vec4 16, 0, 32;
    %store/vec4 v0x55e022a389d0_0, 0, 32;
    %pushi/vec4 4294967252, 0, 32;
    %store/vec4 v0x55e022a38ab0_0, 0, 32;
    %pushi/vec4 2158080421, 0, 34;
    %concati/vec4 3520180628, 0, 32;
    %concati/vec4 2174073233, 0, 32;
    %concati/vec4 694251049, 0, 30;
    %store/vec4 v0x55e022a38c50_0, 0, 128;
    %fork TD_data_memory_tb.load_check, S_0x55e022a38820;
    %join;
    %pushi/vec4 4, 0, 3;
    %store/vec4 v0x55e022a38b90_0, 0, 3;
    %pushi/vec4 16, 0, 32;
    %store/vec4 v0x55e022a389d0_0, 0, 32;
    %pushi/vec4 212, 0, 32;
    %store/vec4 v0x55e022a38ab0_0, 0, 32;
    %pushi/vec4 4997717, 0, 32; draw_string_vec4
    %pushi/vec4 544892274, 0, 32; draw_string_vec4
    %concat/vec4; draw_string_vec4
    %pushi/vec4 1865246072, 0, 32; draw_string_vec4
    %concat/vec4; draw_string_vec4
    %pushi/vec4 1952804452, 0, 32; draw_string_vec4
    %concat/vec4; draw_string_vec4
    %store/vec4 v0x55e022a38c50_0, 0, 128;
    %fork TD_data_memory_tb.load_check, S_0x55e022a38820;
    %join;
    %pushi/vec4 1, 0, 3;
    %store/vec4 v0x55e022a38b90_0, 0, 3;
    %pushi/vec4 16, 0, 32;
    %store/vec4 v0x55e022a389d0_0, 0, 32;
    %pushi/vec4 4294951892, 0, 32;
    %store/vec4 v0x55e022a38ab0_0, 0, 32;
    %pushi/vec4 19528, 0, 32; draw_string_vec4
    %pushi/vec4 544434535, 0, 32; draw_string_vec4
    %concat/vec4; draw_string_vec4
    %pushi/vec4 1848468856, 0, 32; draw_string_vec4
    %concat/vec4; draw_string_vec4
    %pushi/vec4 1952804452, 0, 32; draw_string_vec4
    %concat/vec4; draw_string_vec4
    %store/vec4 v0x55e022a38c50_0, 0, 128;
    %fork TD_data_memory_tb.load_check, S_0x55e022a38820;
    %join;
    %pushi/vec4 5, 0, 3;
    %store/vec4 v0x55e022a38b90_0, 0, 3;
    %pushi/vec4 16, 0, 32;
    %store/vec4 v0x55e022a389d0_0, 0, 32;
    %pushi/vec4 50132, 0, 32;
    %store/vec4 v0x55e022a38ab0_0, 0, 32;
    %pushi/vec4 4999253, 0, 32; draw_string_vec4
    %pushi/vec4 544892274, 0, 32; draw_string_vec4
    %concat/vec4; draw_string_vec4
    %pushi/vec4 1865246072, 0, 32; draw_string_vec4
    %concat/vec4; draw_string_vec4
    %pushi/vec4 1952804452, 0, 32; draw_string_vec4
    %concat/vec4; draw_string_vec4
    %store/vec4 v0x55e022a38c50_0, 0, 128;
    %fork TD_data_memory_tb.load_check, S_0x55e022a38820;
    %join;
    %pushi/vec4 0, 0, 3;
    %store/vec4 v0x55e022a38b90_0, 0, 3;
    %pushi/vec4 19, 0, 32;
    %store/vec4 v0x55e022a389d0_0, 0, 32;
    %pushi/vec4 4294967201, 0, 32;
    %store/vec4 v0x55e022a38ab0_0, 0, 32;
    %pushi/vec4 0, 0, 32; draw_string_vec4
    %pushi/vec4 4997664, 0, 32; draw_string_vec4
    %concat/vec4; draw_string_vec4
    %pushi/vec4 1953460256, 0, 32; draw_string_vec4
    %concat/vec4; draw_string_vec4
    %pushi/vec4 1652126821, 0, 32; draw_string_vec4
    %concat/vec4; draw_string_vec4
    %store/vec4 v0x55e022a38c50_0, 0, 128;
    %fork TD_data_memory_tb.load_check, S_0x55e022a38820;
    %join;
    %pushi/vec4 0, 0, 3;
    %store/vec4 v0x55e022a390d0_0, 0, 3;
    %pushi/vec4 32, 0, 32;
    %store/vec4 v0x55e022a38f10_0, 0, 32;
    %pushi/vec4 127, 0, 32;
    %store/vec4 v0x55e022a38ff0_0, 0, 32;
    %fork TD_data_memory_tb.store, S_0x55e022a38d30;
    %join;
    %pushi/vec4 2, 0, 3;
    %store/vec4 v0x55e022a38b90_0, 0, 3;
    %pushi/vec4 32, 0, 32;
    %store/vec4 v0x55e022a389d0_0, 0, 32;
    %pushi/vec4 127, 0, 32;
    %store/vec4 v0x55e022a38ab0_0, 0, 32;
    %pushi/vec4 3404087518, 0, 33;
    %concati/vec4 3704242372, 0, 32;
    %concati/vec4 4075342400, 0, 32;
    %concati/vec4 1869507705, 0, 31;
    %store/vec4 v0x55e022a38c50_0, 0, 128;
    %fork TD_data_memory_tb.load_check, S_0x55e022a38820;
    %join;
    %pushi/vec4 1, 0, 3;
    %store/vec4 v0x55e022a390d0_0, 0, 3;
    %pushi/vec4 36, 0, 32;
    %store/vec4 v0x55e022a38f10_0, 0, 32;
    %pushi/vec4 48879, 0, 32;
    %store/vec4 v0x55e022a38ff0_0, 0, 32;
    %fork TD_data_memory_tb.store, S_0x55e022a38d30;
    %join;
    %pushi/vec4 2, 0, 3;
    %store/vec4 v0x55e022a38b90_0, 0, 3;
    %pushi/vec4 36, 0, 32;
    %store/vec4 v0x55e022a389d0_0, 0, 32;
    %pushi/vec4 48879, 0, 32;
    %store/vec4 v0x55e022a38ab0_0, 0, 32;
    %pushi/vec4 3863013614, 0, 33;
    %concati/vec4 3728786674, 0, 32;
    %concati/vec4 3905611328, 0, 32;
    %concati/vec4 1869507705, 0, 31;
    %store/vec4 v0x55e022a38c50_0, 0, 128;
    %fork TD_data_memory_tb.load_check, S_0x55e022a38820;
    %join;
    %pushi/vec4 0, 0, 1;
    %store/vec4 v0x55e022a394e0_0, 0, 1;
    %pushi/vec4 16, 0, 32;
    %store/vec4 v0x55e022a39190_0, 0, 32;
    %delay 1000, 0;
    %load/vec4 v0x55e022a396a0_0;
    %cmpi/ne 0, 0, 32;
    %jmp/0xz  T_7.0, 6;
    %vpi_call 2 50 "$display", "FAIL read disabled" {0 0 0};
    %load/vec4 v0x55e022a39340_0;
    %addi 1, 0, 32;
    %store/vec4 v0x55e022a39340_0, 0, 32;
    %jmp T_7.1;
T_7.0 ;
    %vpi_call 2 51 "$display", "PASS read disabled returns 0" {0 0 0};
T_7.1 ;
    %load/vec4 v0x55e022a39340_0;
    %cmpi/e 0, 0, 32;
    %jmp/0xz  T_7.2, 4;
    %vpi_call 2 53 "$display", "DATA MEMORY: ALL TESTS PASSED" {0 0 0};
    %jmp T_7.3;
T_7.2 ;
    %vpi_call 2 54 "$display", "DATA MEMORY: %0d TEST(S) FAILED", v0x55e022a39340_0 {0 0 0};
T_7.3 ;
    %vpi_call 2 55 "$finish" {0 0 0};
    %end;
    .thread T_7;
# The file index is used to find the file name in the following table.
:file_names 4;
    "N/A";
    "<interactive>";
    "data-memory-tb.v";
    "data-memory.v";
