#! /usr/bin/vvp
:ivl_version "13.0 (stable)" "(v13_0)";
:ivl_delay_selection "TYPICAL";
:vpi_time_precision - 12;
:vpi_module "/usr/lib/x86_64-linux-gnu/ivl/system.vpi";
:vpi_module "/usr/lib/x86_64-linux-gnu/ivl/vhdl_sys.vpi";
:vpi_module "/usr/lib/x86_64-linux-gnu/ivl/vhdl_textio.vpi";
:vpi_module "/usr/lib/x86_64-linux-gnu/ivl/v2005_math.vpi";
:vpi_module "/usr/lib/x86_64-linux-gnu/ivl/va_math.vpi";
S_0x561f8de5b4f0 .scope module, "instruction_memory_tb" "instruction_memory_tb" 2 2;
 .timescale -9 -12;
v0x561f8de849b0_0 .var "addr", 31 0;
v0x561f8de84a70_0 .var/i "errors", 31 0;
v0x561f8de84b30_0 .net "instr", 31 0, L_0x561f8de95140;  1 drivers
S_0x561f8de5b680 .scope task, "check" "check" 2 9, 2 9 0, S_0x561f8de5b4f0;
 .timescale -9 -12;
v0x561f8de68ff0_0 .var "a", 31 0;
v0x561f8de83ac0_0 .var "expected", 31 0;
v0x561f8de83ba0_0 .var "name", 127 0;
TD_instruction_memory_tb.check ;
    %load/vec4 v0x561f8de68ff0_0;
    %store/vec4 v0x561f8de849b0_0, 0, 32;
    %delay 1000, 0;
    %load/vec4 v0x561f8de84b30_0;
    %load/vec4 v0x561f8de83ac0_0;
    %cmp/ne;
    %jmp/0xz  T_0.0, 6;
    %vpi_call 2 13 "$display", "FAIL %0s: addr=%h instr=%h expected=%h", v0x561f8de83ba0_0, v0x561f8de68ff0_0, v0x561f8de84b30_0, v0x561f8de83ac0_0 {0 0 0};
    %load/vec4 v0x561f8de84a70_0;
    %addi 1, 0, 32;
    %store/vec4 v0x561f8de84a70_0, 0, 32;
    %jmp T_0.1;
T_0.0 ;
    %vpi_call 2 15 "$display", "PASS %0s", v0x561f8de83ba0_0 {0 0 0};
T_0.1 ;
    %end;
S_0x561f8de83c60 .scope module, "dut" "instruction_memory" 2 7, 3 9 0, S_0x561f8de5b4f0;
 .timescale -9 -12;
    .port_info 0 /INPUT 32 "addr";
    .port_info 1 /OUTPUT 32 "instr";
P_0x561f8de53940 .param/l "DEPTH_WORDS" 0 3 10, +C4<00000000000000000000000000010000>;
P_0x561f8de53980 .param/str "INIT_FILE" 0 3 11, "imem_test.hex";
L_0x561f8de95140 .functor BUFZ 32, L_0x561f8de84c30, C4<00000000000000000000000000000000>, C4<00000000000000000000000000000000>, C4<00000000000000000000000000000000>;
v0x561f8de84030_0 .net *"_ivl_0", 31 0, L_0x561f8de84c30;  1 drivers
v0x561f8de84130_0 .net *"_ivl_10", 31 0, L_0x561f8de94f80;  1 drivers
v0x561f8de84210_0 .net *"_ivl_3", 29 0, L_0x561f8de84d30;  1 drivers
v0x561f8de84300_0 .net *"_ivl_4", 31 0, L_0x561f8de84e00;  1 drivers
L_0x7f8ef2acb018 .functor BUFT 1, C4<00>, C4<0>, C4<0>, C4<0>;
v0x561f8de843e0_0 .net *"_ivl_7", 1 0, L_0x7f8ef2acb018;  1 drivers
L_0x7f8ef2acb060 .functor BUFT 1, C4<00000000000000000000000000010000>, C4<0>, C4<0>, C4<0>;
v0x561f8de84510_0 .net/2u *"_ivl_8", 31 0, L_0x7f8ef2acb060;  1 drivers
v0x561f8de845f0_0 .net "addr", 31 0, v0x561f8de849b0_0;  1 drivers
v0x561f8de846d0_0 .var/i "i", 31 0;
v0x561f8de847b0_0 .net "instr", 31 0, L_0x561f8de95140;  alias, 1 drivers
v0x561f8de84890 .array "mem", 15 0, 31 0;
L_0x561f8de84c30 .array/port v0x561f8de84890, L_0x561f8de94f80;
L_0x561f8de84d30 .part v0x561f8de849b0_0, 2, 30;
L_0x561f8de84e00 .concat [ 30 2 0 0], L_0x561f8de84d30, L_0x7f8ef2acb018;
L_0x561f8de94f80 .arith/mod 32, L_0x561f8de84e00, L_0x7f8ef2acb060;
    .scope S_0x561f8de83c60;
T_1 ;
    %pushi/vec4 0, 0, 32;
    %store/vec4 v0x561f8de846d0_0, 0, 32;
T_1.0 ; Top of for-loop
    %load/vec4 v0x561f8de846d0_0;
    %cmpi/s 16, 0, 32;
	  %jmp/0xz T_1.1, 5;
    %pushi/vec4 19, 0, 32;
    %ix/getv/s 4, v0x561f8de846d0_0;
    %store/vec4a v0x561f8de84890, 4, 0;
T_1.2 ; for-loop step statement
    %load/vec4 v0x561f8de846d0_0;
    %addi 1, 0, 32;
    %store/vec4 v0x561f8de846d0_0, 0, 32;
    %jmp T_1.0;
T_1.1 ; for-loop exit label
    %vpi_call 3 21 "$readmemh", P_0x561f8de53980, v0x561f8de84890 {0 0 0};
    %end;
    .thread T_1;
    .scope S_0x561f8de5b4f0;
T_2 ;
    %pushi/vec4 0, 0, 32;
    %store/vec4 v0x561f8de849b0_0, 0, 32;
    %pushi/vec4 0, 0, 32;
    %store/vec4 v0x561f8de84a70_0, 0, 32;
    %end;
    .thread T_2;
    .scope S_0x561f8de5b4f0;
T_3 ;
    %vpi_call 2 20 "$dumpfile", "instruction_memory.vcd" {0 0 0};
    %vpi_call 2 21 "$dumpvars", 32'sb00000000000000000000000000000000, S_0x561f8de5b4f0 {0 0 0};
    %pushi/vec4 0, 0, 32;
    %store/vec4 v0x561f8de68ff0_0, 0, 32;
    %pushi/vec4 5243027, 0, 32;
    %store/vec4 v0x561f8de83ac0_0, 0, 32;
    %pushi/vec4 0, 0, 32; draw_string_vec4
    %pushi/vec4 0, 0, 32; draw_string_vec4
    %concat/vec4; draw_string_vec4
    %pushi/vec4 30575, 0, 32; draw_string_vec4
    %concat/vec4; draw_string_vec4
    %pushi/vec4 1919164464, 0, 32; draw_string_vec4
    %concat/vec4; draw_string_vec4
    %store/vec4 v0x561f8de83ba0_0, 0, 128;
    %fork TD_instruction_memory_tb.check, S_0x561f8de5b680;
    %join;
    %pushi/vec4 4, 0, 32;
    %store/vec4 v0x561f8de68ff0_0, 0, 32;
    %pushi/vec4 3146003, 0, 32;
    %store/vec4 v0x561f8de83ac0_0, 0, 32;
    %pushi/vec4 0, 0, 32; draw_string_vec4
    %pushi/vec4 0, 0, 32; draw_string_vec4
    %concat/vec4; draw_string_vec4
    %pushi/vec4 30575, 0, 32; draw_string_vec4
    %concat/vec4; draw_string_vec4
    %pushi/vec4 1919164465, 0, 32; draw_string_vec4
    %concat/vec4; draw_string_vec4
    %store/vec4 v0x561f8de83ba0_0, 0, 128;
    %fork TD_instruction_memory_tb.check, S_0x561f8de5b680;
    %join;
    %pushi/vec4 8, 0, 32;
    %store/vec4 v0x561f8de68ff0_0, 0, 32;
    %pushi/vec4 2130355, 0, 32;
    %store/vec4 v0x561f8de83ac0_0, 0, 32;
    %pushi/vec4 0, 0, 32; draw_string_vec4
    %pushi/vec4 0, 0, 32; draw_string_vec4
    %concat/vec4; draw_string_vec4
    %pushi/vec4 30575, 0, 32; draw_string_vec4
    %concat/vec4; draw_string_vec4
    %pushi/vec4 1919164466, 0, 32; draw_string_vec4
    %concat/vec4; draw_string_vec4
    %store/vec4 v0x561f8de83ba0_0, 0, 128;
    %fork TD_instruction_memory_tb.check, S_0x561f8de5b680;
    %join;
    %pushi/vec4 9, 0, 32;
    %store/vec4 v0x561f8de68ff0_0, 0, 32;
    %pushi/vec4 2130355, 0, 32;
    %store/vec4 v0x561f8de83ac0_0, 0, 32;
    %pushi/vec4 3269518912, 0, 33;
    %concati/vec4 3906879718, 0, 32;
    %concati/vec4 3269118528, 0, 32;
    %concati/vec4 2003792484, 0, 31;
    %store/vec4 v0x561f8de83ba0_0, 0, 128;
    %fork TD_instruction_memory_tb.check, S_0x561f8de5b680;
    %join;
    %pushi/vec4 48, 0, 32;
    %store/vec4 v0x561f8de68ff0_0, 0, 32;
    %pushi/vec4 19, 0, 32;
    %store/vec4 v0x561f8de83ac0_0, 0, 32;
    %pushi/vec4 3940993736, 0, 33;
    %concati/vec4 2178792905, 0, 33;
    %concati/vec4 2424415692, 0, 32;
    %concati/vec4 542003024, 0, 30;
    %store/vec4 v0x561f8de83ba0_0, 0, 128;
    %fork TD_instruction_memory_tb.check, S_0x561f8de5b680;
    %join;
    %load/vec4 v0x561f8de84a70_0;
    %cmpi/e 0, 0, 32;
    %jmp/0xz  T_3.0, 4;
    %vpi_call 2 29 "$display", "INSTRUCTION MEMORY: ALL TESTS PASSED" {0 0 0};
    %jmp T_3.1;
T_3.0 ;
    %vpi_call 2 30 "$display", "INSTRUCTION MEMORY: %0d TEST(S) FAILED", v0x561f8de84a70_0 {0 0 0};
T_3.1 ;
    %vpi_call 2 31 "$finish" {0 0 0};
    %end;
    .thread T_3;
# The file index is used to find the file name in the following table.
:file_names 4;
    "N/A";
    "<interactive>";
    "instruction-memory-tb.v";
    "instruction-memory.v";
