#! /usr/bin/vvp
:ivl_version "13.0 (stable)" "(v13_0)";
:ivl_delay_selection "TYPICAL";
:vpi_time_precision - 12;
:vpi_module "/usr/lib/x86_64-linux-gnu/ivl/system.vpi";
:vpi_module "/usr/lib/x86_64-linux-gnu/ivl/vhdl_sys.vpi";
:vpi_module "/usr/lib/x86_64-linux-gnu/ivl/vhdl_textio.vpi";
:vpi_module "/usr/lib/x86_64-linux-gnu/ivl/v2005_math.vpi";
:vpi_module "/usr/lib/x86_64-linux-gnu/ivl/va_math.vpi";
S_0x55723fd09130 .scope module, "program_counter_tb" "program_counter_tb" 2 2;
 .timescale -9 -12;
v0x55723fd33e30_0 .var "clk", 0 0;
v0x55723fd33ef0_0 .var "en", 0 0;
v0x55723fd33f90_0 .var/i "errors", 31 0;
v0x55723fd34030_0 .var "next_pc", 31 0;
v0x55723fd34100_0 .net "pc", 31 0, v0x55723fd07f20_0;  1 drivers
v0x55723fd341f0_0 .net "pc_plus4", 31 0, L_0x55723fd44400;  1 drivers
v0x55723fd342c0_0 .var "rst", 0 0;
S_0x55723fd15430 .scope module, "dut" "program_counter" 2 8, 3 8 0, S_0x55723fd09130;
 .timescale -9 -12;
    .port_info 0 /INPUT 1 "clk";
    .port_info 1 /INPUT 1 "rst";
    .port_info 2 /INPUT 1 "en";
    .port_info 3 /INPUT 32 "next_pc";
    .port_info 4 /OUTPUT 32 "pc";
    .port_info 5 /OUTPUT 32 "pc_plus4";
P_0x55723fd00d10 .param/l "RESET_ADDR" 0 3 10, C4<00000000000000000000000000000000>;
P_0x55723fd00d50 .param/l "WIDTH" 0 3 9, +C4<00000000000000000000000000100000>;
L_0x7f3a0489a018 .functor BUFT 1, C4<00000000000000000000000000000100>, C4<0>, C4<0>, C4<0>;
v0x55723fd048d0_0 .net/2u *"_ivl_0", 31 0, L_0x7f3a0489a018;  1 drivers
v0x55723fd056a0_0 .net "clk", 0 0, v0x55723fd33e30_0;  1 drivers
v0x55723fd06580_0 .net "en", 0 0, v0x55723fd33ef0_0;  1 drivers
v0x55723fd070f0_0 .net "next_pc", 31 0, v0x55723fd34030_0;  1 drivers
v0x55723fd07f20_0 .var "pc", 31 0;
v0x55723fd33810_0 .net "pc_plus4", 31 0, L_0x55723fd44400;  alias, 1 drivers
v0x55723fd338f0_0 .net "rst", 0 0, v0x55723fd342c0_0;  1 drivers
E_0x55723fd14550 .event posedge, v0x55723fd056a0_0;
L_0x55723fd44400 .arith/sum 32, v0x55723fd07f20_0, L_0x7f3a0489a018;
S_0x55723fd33a70 .scope task, "expect_pc" "expect_pc" 2 12, 2 12 0, S_0x55723fd09130;
 .timescale -9 -12;
v0x55723fd33c70_0 .var "expected", 31 0;
v0x55723fd33d50_0 .var "name", 127 0;
TD_program_counter_tb.expect_pc ;
    %load/vec4 v0x55723fd34100_0;
    %load/vec4 v0x55723fd33c70_0;
    %cmp/ne;
    %jmp/0xz  T_0.0, 6;
    %vpi_call 2 15 "$display", "FAIL %0s: pc=%h expected=%h", v0x55723fd33d50_0, v0x55723fd34100_0, v0x55723fd33c70_0 {0 0 0};
    %load/vec4 v0x55723fd33f90_0;
    %addi 1, 0, 32;
    %store/vec4 v0x55723fd33f90_0, 0, 32;
    %jmp T_0.1;
T_0.0 ;
    %vpi_call 2 17 "$display", "PASS %0s", v0x55723fd33d50_0 {0 0 0};
T_0.1 ;
    %end;
    .scope S_0x55723fd15430;
T_1 ;
    %wait E_0x55723fd14550;
    %load/vec4 v0x55723fd338f0_0;
    %flag_set/vec4 8;
    %jmp/0xz  T_1.0, 8;
    %pushi/vec4 0, 0, 32;
    %assign/vec4 v0x55723fd07f20_0, 0;
    %jmp T_1.1;
T_1.0 ;
    %load/vec4 v0x55723fd06580_0;
    %flag_set/vec4 8;
    %jmp/0xz  T_1.2, 8;
    %load/vec4 v0x55723fd070f0_0;
    %assign/vec4 v0x55723fd07f20_0, 0;
T_1.2 ;
T_1.1 ;
    %jmp T_1;
    .thread T_1;
    .scope S_0x55723fd09130;
T_2 ;
    %pushi/vec4 0, 0, 1;
    %store/vec4 v0x55723fd33e30_0, 0, 1;
    %pushi/vec4 1, 0, 1;
    %store/vec4 v0x55723fd342c0_0, 0, 1;
    %pushi/vec4 1, 0, 1;
    %store/vec4 v0x55723fd33ef0_0, 0, 1;
    %pushi/vec4 0, 0, 32;
    %store/vec4 v0x55723fd34030_0, 0, 32;
    %pushi/vec4 0, 0, 32;
    %store/vec4 v0x55723fd33f90_0, 0, 32;
    %end;
    .thread T_2;
    .scope S_0x55723fd09130;
T_3 ;
    %delay 5000, 0;
    %load/vec4 v0x55723fd33e30_0;
    %inv;
    %store/vec4 v0x55723fd33e30_0, 0, 1;
    %jmp T_3;
    .thread T_3;
    .scope S_0x55723fd09130;
T_4 ;
    %vpi_call 2 22 "$dumpfile", "program_counter.vcd" {0 0 0};
    %vpi_call 2 23 "$dumpvars", 32'sb00000000000000000000000000000000, S_0x55723fd09130 {0 0 0};
    %wait E_0x55723fd14550;
    %delay 1000, 0;
    %pushi/vec4 0, 0, 32;
    %store/vec4 v0x55723fd33c70_0, 0, 32;
    %pushi/vec4 0, 0, 32; draw_string_vec4
    %pushi/vec4 7497075, 0, 32; draw_string_vec4
    %concat/vec4; draw_string_vec4
    %pushi/vec4 1702109302, 0, 32; draw_string_vec4
    %concat/vec4; draw_string_vec4
    %pushi/vec4 1634497893, 0, 32; draw_string_vec4
    %concat/vec4; draw_string_vec4
    %store/vec4 v0x55723fd33d50_0, 0, 128;
    %fork TD_program_counter_tb.expect_pc, S_0x55723fd33a70;
    %join;
    %pushi/vec4 0, 0, 1;
    %store/vec4 v0x55723fd342c0_0, 0, 1;
    %pushi/vec4 3, 0, 32;
T_4.0 %dup/vec4;
    %cmpi/s 0, 0, 32;
    %jmp/1xz T_4.1, 5;
    %jmp/1 T_4.1, 4;
    %subi 1, 0, 32;
    %load/vec4 v0x55723fd341f0_0;
    %store/vec4 v0x55723fd34030_0, 0, 32;
    %wait E_0x55723fd14550;
    %delay 1000, 0;
    %jmp T_4.0;
T_4.1 ;
    %pop/vec4 1;
    %pushi/vec4 12, 0, 32;
    %store/vec4 v0x55723fd33c70_0, 0, 32;
    %pushi/vec4 3872056042, 0, 33;
    %concati/vec4 3403475154, 0, 32;
    %concati/vec4 3268952294, 0, 32;
    %concati/vec4 1952804979, 0, 31;
    %store/vec4 v0x55723fd33d50_0, 0, 128;
    %fork TD_program_counter_tb.expect_pc, S_0x55723fd33a70;
    %join;
    %pushi/vec4 256, 0, 32;
    %store/vec4 v0x55723fd34030_0, 0, 32;
    %wait E_0x55723fd14550;
    %delay 1000, 0;
    %pushi/vec4 256, 0, 32;
    %store/vec4 v0x55723fd33c70_0, 0, 32;
    %pushi/vec4 106, 0, 32; draw_string_vec4
    %pushi/vec4 1970106400, 0, 32; draw_string_vec4
    %concat/vec4; draw_string_vec4
    %pushi/vec4 1953439792, 0, 32; draw_string_vec4
    %concat/vec4; draw_string_vec4
    %pushi/vec4 2016489520, 0, 32; draw_string_vec4
    %concat/vec4; draw_string_vec4
    %store/vec4 v0x55723fd33d50_0, 0, 128;
    %fork TD_program_counter_tb.expect_pc, S_0x55723fd33a70;
    %join;
    %pushi/vec4 0, 0, 1;
    %store/vec4 v0x55723fd33ef0_0, 0, 1;
    %pushi/vec4 512, 0, 32;
    %store/vec4 v0x55723fd34030_0, 0, 32;
    %wait E_0x55723fd14550;
    %delay 1000, 0;
    %pushi/vec4 256, 0, 32;
    %store/vec4 v0x55723fd33c70_0, 0, 32;
    %pushi/vec4 3637002478, 0, 33;
    %concati/vec4 3502955584, 0, 32;
    %concati/vec4 3369264834, 0, 32;
    %concati/vec4 1651271012, 0, 31;
    %store/vec4 v0x55723fd33d50_0, 0, 128;
    %fork TD_program_counter_tb.expect_pc, S_0x55723fd33a70;
    %join;
    %pushi/vec4 1, 0, 1;
    %store/vec4 v0x55723fd33ef0_0, 0, 1;
    %pushi/vec4 1, 0, 1;
    %store/vec4 v0x55723fd342c0_0, 0, 1;
    %wait E_0x55723fd14550;
    %delay 1000, 0;
    %pushi/vec4 0, 0, 32;
    %store/vec4 v0x55723fd33c70_0, 0, 32;
    %pushi/vec4 0, 0, 32; draw_string_vec4
    %pushi/vec4 7497075, 0, 32; draw_string_vec4
    %concat/vec4; draw_string_vec4
    %pushi/vec4 1702109281, 0, 32; draw_string_vec4
    %concat/vec4; draw_string_vec4
    %pushi/vec4 1734437230, 0, 32; draw_string_vec4
    %concat/vec4; draw_string_vec4
    %store/vec4 v0x55723fd33d50_0, 0, 128;
    %fork TD_program_counter_tb.expect_pc, S_0x55723fd33a70;
    %join;
    %load/vec4 v0x55723fd33f90_0;
    %cmpi/e 0, 0, 32;
    %jmp/0xz  T_4.2, 4;
    %vpi_call 2 47 "$display", "PROGRAM COUNTER: ALL TESTS PASSED" {0 0 0};
    %jmp T_4.3;
T_4.2 ;
    %vpi_call 2 48 "$display", "PROGRAM COUNTER: %0d TEST(S) FAILED", v0x55723fd33f90_0 {0 0 0};
T_4.3 ;
    %vpi_call 2 49 "$finish" {0 0 0};
    %end;
    .thread T_4;
# The file index is used to find the file name in the following table.
:file_names 4;
    "N/A";
    "<interactive>";
    "program-counter-tb.v";
    "program-counter.v";
