#! /usr/bin/vvp
:ivl_version "13.0 (stable)" "(v13_0)";
:ivl_delay_selection "TYPICAL";
:vpi_time_precision - 12;
:vpi_module "/usr/lib/x86_64-linux-gnu/ivl/system.vpi";
:vpi_module "/usr/lib/x86_64-linux-gnu/ivl/vhdl_sys.vpi";
:vpi_module "/usr/lib/x86_64-linux-gnu/ivl/vhdl_textio.vpi";
:vpi_module "/usr/lib/x86_64-linux-gnu/ivl/v2005_math.vpi";
:vpi_module "/usr/lib/x86_64-linux-gnu/ivl/va_math.vpi";
S_0x55a37560fd30 .scope module, "immediate_generator_tb" "immediate_generator_tb" 2 2;
 .timescale -9 -12;
v0x55a37563b600_0 .var/i "errors", 31 0;
v0x55a37563b6e0_0 .net "imm", 31 0, v0x55a37563b2d0_0;  1 drivers
v0x55a37563b7d0_0 .var "instr", 31 0;
S_0x55a37560fec0 .scope task, "check" "check" 2 9, 2 9 0, S_0x55a37560fd30;
 .timescale -9 -12;
v0x55a37561cd00_0 .var "expected", 31 0;
v0x55a37563aea0_0 .var "i", 31 0;
v0x55a37563af80_0 .var "name", 127 0;
TD_immediate_generator_tb.check ;
    %load/vec4 v0x55a37563aea0_0;
    %store/vec4 v0x55a37563b7d0_0, 0, 32;
    %delay 10000, 0;
    %load/vec4 v0x55a37563b6e0_0;
    %load/vec4 v0x55a37561cd00_0;
    %cmp/ne;
    %jmp/0xz  T_0.0, 6;
    %vpi_call 2 13 "$display", "FAIL %0s: instr=%h imm=%h expected=%h", v0x55a37563af80_0, v0x55a37563aea0_0, v0x55a37563b6e0_0, v0x55a37561cd00_0 {0 0 0};
    %load/vec4 v0x55a37563b600_0;
    %addi 1, 0, 32;
    %store/vec4 v0x55a37563b600_0, 0, 32;
    %jmp T_0.1;
T_0.0 ;
    %vpi_call 2 15 "$display", "PASS %0s", v0x55a37563af80_0 {0 0 0};
T_0.1 ;
    %end;
S_0x55a37563b040 .scope module, "dut" "immediate_generator" 2 7, 3 8 0, S_0x55a37560fd30;
 .timescale -9 -12;
    .port_info 0 /INPUT 32 "instr";
    .port_info 1 /OUTPUT 32 "imm";
v0x55a37563b2d0_0 .var "imm", 31 0;
v0x55a37563b3d0_0 .net "instr", 31 0, v0x55a37563b7d0_0;  1 drivers
v0x55a37563b4b0_0 .net "opcode", 6 0, L_0x55a37563b8d0;  1 drivers
E_0x55a375618980 .event anyedge, v0x55a37563b4b0_0, v0x55a37563b3d0_0;
L_0x55a37563b8d0 .part v0x55a37563b7d0_0, 0, 7;
    .scope S_0x55a37563b040;
T_1 ;
    %wait E_0x55a375618980;
    %load/vec4 v0x55a37563b4b0_0;
    %dup/vec4;
    %pushi/vec4 19, 0, 7;
    %cmp/u;
    %jmp/1 T_1.0, 6;
    %dup/vec4;
    %pushi/vec4 3, 0, 7;
    %cmp/u;
    %jmp/1 T_1.1, 6;
    %dup/vec4;
    %pushi/vec4 103, 0, 7;
    %cmp/u;
    %jmp/1 T_1.2, 6;
    %dup/vec4;
    %pushi/vec4 35, 0, 7;
    %cmp/u;
    %jmp/1 T_1.3, 6;
    %dup/vec4;
    %pushi/vec4 99, 0, 7;
    %cmp/u;
    %jmp/1 T_1.4, 6;
    %dup/vec4;
    %pushi/vec4 55, 0, 7;
    %cmp/u;
    %jmp/1 T_1.5, 6;
    %dup/vec4;
    %pushi/vec4 23, 0, 7;
    %cmp/u;
    %jmp/1 T_1.6, 6;
    %dup/vec4;
    %pushi/vec4 111, 0, 7;
    %cmp/u;
    %jmp/1 T_1.7, 6;
    %pushi/vec4 0, 0, 32;
    %store/vec4 v0x55a37563b2d0_0, 0, 32;
    %jmp T_1.9;
T_1.0 ;
    %load/vec4 v0x55a37563b3d0_0;
    %parti/s 1, 31, 6;
    %replicate 20;
    %load/vec4 v0x55a37563b3d0_0;
    %parti/s 12, 20, 6;
    %concat/vec4; draw_concat_vec4
    %store/vec4 v0x55a37563b2d0_0, 0, 32;
    %jmp T_1.9;
T_1.1 ;
    %load/vec4 v0x55a37563b3d0_0;
    %parti/s 1, 31, 6;
    %replicate 20;
    %load/vec4 v0x55a37563b3d0_0;
    %parti/s 12, 20, 6;
    %concat/vec4; draw_concat_vec4
    %store/vec4 v0x55a37563b2d0_0, 0, 32;
    %jmp T_1.9;
T_1.2 ;
    %load/vec4 v0x55a37563b3d0_0;
    %parti/s 1, 31, 6;
    %replicate 20;
    %load/vec4 v0x55a37563b3d0_0;
    %parti/s 12, 20, 6;
    %concat/vec4; draw_concat_vec4
    %store/vec4 v0x55a37563b2d0_0, 0, 32;
    %jmp T_1.9;
T_1.3 ;
    %load/vec4 v0x55a37563b3d0_0;
    %parti/s 1, 31, 6;
    %replicate 20;
    %load/vec4 v0x55a37563b3d0_0;
    %parti/s 7, 25, 6;
    %concat/vec4; draw_concat_vec4
    %load/vec4 v0x55a37563b3d0_0;
    %parti/s 5, 7, 4;
    %concat/vec4; draw_concat_vec4
    %store/vec4 v0x55a37563b2d0_0, 0, 32;
    %jmp T_1.9;
T_1.4 ;
    %load/vec4 v0x55a37563b3d0_0;
    %parti/s 1, 31, 6;
    %replicate 19;
    %load/vec4 v0x55a37563b3d0_0;
    %parti/s 1, 31, 6;
    %concat/vec4; draw_concat_vec4
    %load/vec4 v0x55a37563b3d0_0;
    %parti/s 1, 7, 4;
    %concat/vec4; draw_concat_vec4
    %load/vec4 v0x55a37563b3d0_0;
    %parti/s 6, 25, 6;
    %concat/vec4; draw_concat_vec4
    %load/vec4 v0x55a37563b3d0_0;
    %parti/s 4, 8, 5;
    %concat/vec4; draw_concat_vec4
    %concati/vec4 0, 0, 1;
    %store/vec4 v0x55a37563b2d0_0, 0, 32;
    %jmp T_1.9;
T_1.5 ;
    %load/vec4 v0x55a37563b3d0_0;
    %parti/s 20, 12, 5;
    %concati/vec4 0, 0, 12;
    %store/vec4 v0x55a37563b2d0_0, 0, 32;
    %jmp T_1.9;
T_1.6 ;
    %load/vec4 v0x55a37563b3d0_0;
    %parti/s 20, 12, 5;
    %concati/vec4 0, 0, 12;
    %store/vec4 v0x55a37563b2d0_0, 0, 32;
    %jmp T_1.9;
T_1.7 ;
    %load/vec4 v0x55a37563b3d0_0;
    %parti/s 1, 31, 6;
    %replicate 11;
    %load/vec4 v0x55a37563b3d0_0;
    %parti/s 1, 31, 6;
    %concat/vec4; draw_concat_vec4
    %load/vec4 v0x55a37563b3d0_0;
    %parti/s 8, 12, 5;
    %concat/vec4; draw_concat_vec4
    %load/vec4 v0x55a37563b3d0_0;
    %parti/s 1, 20, 6;
    %concat/vec4; draw_concat_vec4
    %load/vec4 v0x55a37563b3d0_0;
    %parti/s 10, 21, 6;
    %concat/vec4; draw_concat_vec4
    %concati/vec4 0, 0, 1;
    %store/vec4 v0x55a37563b2d0_0, 0, 32;
    %jmp T_1.9;
T_1.9 ;
    %pop/vec4 1;
    %jmp T_1;
    .thread T_1, $push;
    .scope S_0x55a37560fd30;
T_2 ;
    %pushi/vec4 0, 0, 32;
    %store/vec4 v0x55a37563b600_0, 0, 32;
    %end;
    .thread T_2;
    .scope S_0x55a37560fd30;
T_3 ;
    %vpi_call 2 20 "$dumpfile", "immediate_generator.vcd" {0 0 0};
    %vpi_call 2 21 "$dumpvars", 32'sb00000000000000000000000000000000, S_0x55a37560fd30 {0 0 0};
    %pushi/vec4 5243027, 0, 32;
    %store/vec4 v0x55a37563aea0_0, 0, 32;
    %pushi/vec4 5, 0, 32;
    %store/vec4 v0x55a37561cd00_0, 0, 32;
    %pushi/vec4 2178991281, 0, 34;
    %concati/vec4 3770724564, 0, 32;
    %concati/vec4 2155905152, 0, 32;
    %concati/vec4 539511081, 0, 30;
    %store/vec4 v0x55a37563af80_0, 0, 128;
    %fork TD_immediate_generator_tb.check, S_0x55a37560fec0;
    %join;
    %pushi/vec4 4293918867, 0, 32;
    %store/vec4 v0x55a37563aea0_0, 0, 32;
    %pushi/vec4 4294967295, 0, 32;
    %store/vec4 v0x55a37561cd00_0, 0, 32;
    %pushi/vec4 4032845914, 0, 33;
    %concati/vec4 3296755840, 0, 33;
    %concati/vec4 2158044289, 0, 32;
    %concati/vec4 778397481, 0, 30;
    %store/vec4 v0x55a37563af80_0, 0, 128;
    %fork TD_immediate_generator_tb.check, S_0x55a37560fec0;
    %join;
    %pushi/vec4 2139171, 0, 32;
    %store/vec4 v0x55a37563aea0_0, 0, 32;
    %pushi/vec4 8, 0, 32;
    %store/vec4 v0x55a37561cd00_0, 0, 32;
    %pushi/vec4 3367035041, 0, 34;
    %concati/vec4 3770983552, 0, 32;
    %concati/vec4 2155905152, 0, 32;
    %concati/vec4 539513641, 0, 30;
    %store/vec4 v0x55a37563af80_0, 0, 128;
    %fork TD_immediate_generator_tb.check, S_0x55a37560fec0;
    %join;
    %pushi/vec4 4263554595, 0, 32;
    %store/vec4 v0x55a37563aea0_0, 0, 32;
    %pushi/vec4 4294967292, 0, 32;
    %store/vec4 v0x55a37561cd00_0, 0, 32;
    %pushi/vec4 2715862180, 0, 34;
    %concati/vec4 2155905152, 0, 32;
    %concati/vec4 2158054529, 0, 32;
    %concati/vec4 778397481, 0, 30;
    %store/vec4 v0x55a37563af80_0, 0, 128;
    %fork TD_immediate_generator_tb.check, S_0x55a37560fec0;
    %join;
    %pushi/vec4 2131555, 0, 32;
    %store/vec4 v0x55a37563aea0_0, 0, 32;
    %pushi/vec4 12, 0, 32;
    %store/vec4 v0x55a37561cd00_0, 0, 32;
    %pushi/vec4 4032977136, 0, 33;
    %concati/vec4 3367021764, 0, 33;
    %concati/vec4 3363864704, 0, 32;
    %concati/vec4 539509289, 0, 30;
    %store/vec4 v0x55a37563af80_0, 0, 128;
    %fork TD_immediate_generator_tb.check, S_0x55a37560fec0;
    %join;
    %pushi/vec4 4263546595, 0, 32;
    %store/vec4 v0x55a37563aea0_0, 0, 32;
    %pushi/vec4 4294967292, 0, 32;
    %store/vec4 v0x55a37561cd00_0, 0, 32;
    %pushi/vec4 3367023824, 0, 34;
    %concati/vec4 2155905152, 0, 32;
    %concati/vec4 2158037121, 0, 32;
    %concati/vec4 778397481, 0, 30;
    %store/vec4 v0x55a37563af80_0, 0, 128;
    %fork TD_immediate_generator_tb.check, S_0x55a37560fec0;
    %join;
    %pushi/vec4 305418423, 0, 32;
    %store/vec4 v0x55a37563aea0_0, 0, 32;
    %pushi/vec4 305418240, 0, 32;
    %store/vec4 v0x55a37561cd00_0, 0, 32;
    %pushi/vec4 4032976992, 0, 33;
    %concati/vec4 4032980070, 0, 32;
    %concati/vec4 3503587456, 0, 33;
    %concati/vec4 539514153, 0, 30;
    %store/vec4 v0x55a37563af80_0, 0, 128;
    %fork TD_immediate_generator_tb.check, S_0x55a37560fec0;
    %join;
    %pushi/vec4 16777455, 0, 32;
    %store/vec4 v0x55a37563aea0_0, 0, 32;
    %pushi/vec4 16, 0, 32;
    %store/vec4 v0x55a37561cd00_0, 0, 32;
    %pushi/vec4 4032976982, 0, 33;
    %concati/vec4 3302523008, 0, 33;
    %concati/vec4 2155905152, 0, 32;
    %concati/vec4 539511337, 0, 30;
    %store/vec4 v0x55a37563af80_0, 0, 128;
    %fork TD_immediate_generator_tb.check, S_0x55a37560fec0;
    %join;
    %pushi/vec4 4280283375, 0, 32;
    %store/vec4 v0x55a37563aea0_0, 0, 32;
    %pushi/vec4 4294967280, 0, 32;
    %store/vec4 v0x55a37561cd00_0, 0, 32;
    %pushi/vec4 3302523008, 0, 34;
    %concati/vec4 2155905152, 0, 32;
    %concati/vec4 2158045313, 0, 32;
    %concati/vec4 778397481, 0, 30;
    %store/vec4 v0x55a37563af80_0, 0, 128;
    %fork TD_immediate_generator_tb.check, S_0x55a37560fec0;
    %join;
    %load/vec4 v0x55a37563b600_0;
    %cmpi/e 0, 0, 32;
    %jmp/0xz  T_3.0, 4;
    %vpi_call 2 33 "$display", "IMMEDIATE GENERATOR: ALL TESTS PASSED" {0 0 0};
    %jmp T_3.1;
T_3.0 ;
    %vpi_call 2 34 "$display", "IMMEDIATE GENERATOR: %0d TEST(S) FAILED", v0x55a37563b600_0 {0 0 0};
T_3.1 ;
    %vpi_call 2 35 "$finish" {0 0 0};
    %end;
    .thread T_3;
# The file index is used to find the file name in the following table.
:file_names 4;
    "N/A";
    "<interactive>";
    "immediate-generator-tb.v";
    "immediate-generator.v";
