#! /usr/bin/vvp
:ivl_version "13.0 (stable)" "(v13_0)";
:ivl_delay_selection "TYPICAL";
:vpi_time_precision - 12;
:vpi_module "/usr/lib/x86_64-linux-gnu/ivl/system.vpi";
:vpi_module "/usr/lib/x86_64-linux-gnu/ivl/vhdl_sys.vpi";
:vpi_module "/usr/lib/x86_64-linux-gnu/ivl/vhdl_textio.vpi";
:vpi_module "/usr/lib/x86_64-linux-gnu/ivl/v2005_math.vpi";
:vpi_module "/usr/lib/x86_64-linux-gnu/ivl/va_math.vpi";
S_0x55c38e218970 .scope module, "comparator_tb" "comparator_tb" 2 2;
 .timescale -9 -12;
v0x55c38e23af60_0 .var "a", 31 0;
v0x55c38e23b040_0 .var "b", 31 0;
v0x55c38e23b0e0_0 .net "eq", 0 0, L_0x55c38e23b5b0;  1 drivers
v0x55c38e23b1b0_0 .var/i "errors", 31 0;
v0x55c38e23b250_0 .var "funct3", 2 0;
v0x55c38e23b340_0 .net "lt", 0 0, L_0x55c38e23b740;  1 drivers
v0x55c38e23b410_0 .net "ltu", 0 0, L_0x55c38e23b830;  1 drivers
v0x55c38e23b4e0_0 .net "taken", 0 0, v0x55c38e23adc0_0;  1 drivers
S_0x55c38e218b00 .scope task, "check" "check" 2 10, 2 10 0, S_0x55c38e218970;
 .timescale -9 -12;
v0x55c38e2195d0_0 .var "expected", 0 0;
v0x55c38e23a150_0 .var "f", 2 0;
v0x55c38e23a230_0 .var "name", 63 0;
v0x55c38e23a2f0_0 .var "x", 31 0;
v0x55c38e23a3d0_0 .var "y", 31 0;
TD_comparator_tb.check ;
    %load/vec4 v0x55c38e23a150_0;
    %store/vec4 v0x55c38e23b250_0, 0, 3;
    %load/vec4 v0x55c38e23a2f0_0;
    %store/vec4 v0x55c38e23af60_0, 0, 32;
    %load/vec4 v0x55c38e23a3d0_0;
    %store/vec4 v0x55c38e23b040_0, 0, 32;
    %delay 10000, 0;
    %load/vec4 v0x55c38e23b4e0_0;
    %load/vec4 v0x55c38e2195d0_0;
    %cmp/ne;
    %jmp/0xz  T_0.0, 6;
    %vpi_call 2 14 "$display", "FAIL %0s: a=%h b=%h taken=%b expected=%b", v0x55c38e23a230_0, v0x55c38e23a2f0_0, v0x55c38e23a3d0_0, v0x55c38e23b4e0_0, v0x55c38e2195d0_0 {0 0 0};
    %load/vec4 v0x55c38e23b1b0_0;
    %addi 1, 0, 32;
    %store/vec4 v0x55c38e23b1b0_0, 0, 32;
    %jmp T_0.1;
T_0.0 ;
    %vpi_call 2 16 "$display", "PASS %0s", v0x55c38e23a230_0 {0 0 0};
T_0.1 ;
    %end;
S_0x55c38e23a500 .scope module, "dut" "comparator" 2 8, 3 7 0, S_0x55c38e218970;
 .timescale -9 -12;
    .port_info 0 /INPUT 32 "a";
    .port_info 1 /INPUT 32 "b";
    .port_info 2 /INPUT 3 "funct3";
    .port_info 3 /OUTPUT 1 "eq";
    .port_info 4 /OUTPUT 1 "lt";
    .port_info 5 /OUTPUT 1 "ltu";
    .port_info 6 /OUTPUT 1 "taken";
P_0x55c38e23a700 .param/l "WIDTH" 0 3 8, +C4<00000000000000000000000000100000>;
v0x55c38e23a890_0 .net "a", 31 0, v0x55c38e23af60_0;  1 drivers
v0x55c38e23a990_0 .net "b", 31 0, v0x55c38e23b040_0;  1 drivers
v0x55c38e23aa70_0 .net "eq", 0 0, L_0x55c38e23b5b0;  alias, 1 drivers
v0x55c38e23ab10_0 .net "funct3", 2 0, v0x55c38e23b250_0;  1 drivers
v0x55c38e23abf0_0 .net "lt", 0 0, L_0x55c38e23b740;  alias, 1 drivers
v0x55c38e23ad00_0 .net "ltu", 0 0, L_0x55c38e23b830;  alias, 1 drivers
v0x55c38e23adc0_0 .var "taken", 0 0;
E_0x55c38e2162f0 .event anyedge, v0x55c38e23ab10_0, v0x55c38e23aa70_0, v0x55c38e23abf0_0, v0x55c38e23ad00_0;
L_0x55c38e23b5b0 .cmp/eq 32, v0x55c38e23af60_0, v0x55c38e23b040_0;
L_0x55c38e23b740 .cmp/gt.s 32, v0x55c38e23b040_0, v0x55c38e23af60_0;
L_0x55c38e23b830 .cmp/gt 32, v0x55c38e23b040_0, v0x55c38e23af60_0;
    .scope S_0x55c38e23a500;
T_1 ;
    %wait E_0x55c38e2162f0;
    %load/vec4 v0x55c38e23ab10_0;
    %dup/vec4;
    %pushi/vec4 0, 0, 3;
    %cmp/u;
    %jmp/1 T_1.0, 6;
    %dup/vec4;
    %pushi/vec4 1, 0, 3;
    %cmp/u;
    %jmp/1 T_1.1, 6;
    %dup/vec4;
    %pushi/vec4 4, 0, 3;
    %cmp/u;
    %jmp/1 T_1.2, 6;
    %dup/vec4;
    %pushi/vec4 5, 0, 3;
    %cmp/u;
    %jmp/1 T_1.3, 6;
    %dup/vec4;
    %pushi/vec4 6, 0, 3;
    %cmp/u;
    %jmp/1 T_1.4, 6;
    %dup/vec4;
    %pushi/vec4 7, 0, 3;
    %cmp/u;
    %jmp/1 T_1.5, 6;
    %pushi/vec4 0, 0, 1;
    %store/vec4 v0x55c38e23adc0_0, 0, 1;
    %jmp T_1.7;
T_1.0 ;
    %load/vec4 v0x55c38e23aa70_0;
    %store/vec4 v0x55c38e23adc0_0, 0, 1;
    %jmp T_1.7;
T_1.1 ;
    %load/vec4 v0x55c38e23aa70_0;
    %inv;
    %store/vec4 v0x55c38e23adc0_0, 0, 1;
    %jmp T_1.7;
T_1.2 ;
    %load/vec4 v0x55c38e23abf0_0;
    %store/vec4 v0x55c38e23adc0_0, 0, 1;
    %jmp T_1.7;
T_1.3 ;
    %load/vec4 v0x55c38e23abf0_0;
    %inv;
    %store/vec4 v0x55c38e23adc0_0, 0, 1;
    %jmp T_1.7;
T_1.4 ;
    %load/vec4 v0x55c38e23ad00_0;
    %store/vec4 v0x55c38e23adc0_0, 0, 1;
    %jmp T_1.7;
T_1.5 ;
    %load/vec4 v0x55c38e23ad00_0;
    %inv;
    %store/vec4 v0x55c38e23adc0_0, 0, 1;
    %jmp T_1.7;
T_1.7 ;
    %pop/vec4 1;
    %jmp T_1;
    .thread T_1, $push;
    .scope S_0x55c38e218970;
T_2 ;
    %pushi/vec4 0, 0, 32;
    %store/vec4 v0x55c38e23b1b0_0, 0, 32;
    %end;
    .thread T_2;
    .scope S_0x55c38e218970;
T_3 ;
    %vpi_call 2 21 "$dumpfile", "comparator.vcd" {0 0 0};
    %vpi_call 2 22 "$dumpvars", 32'sb00000000000000000000000000000000, S_0x55c38e218970 {0 0 0};
    %pushi/vec4 0, 0, 3;
    %store/vec4 v0x55c38e23a150_0, 0, 3;
    %pushi/vec4 5, 0, 32;
    %store/vec4 v0x55c38e23a2f0_0, 0, 32;
    %pushi/vec4 5, 0, 32;
    %store/vec4 v0x55c38e23a3d0_0, 0, 32;
    %pushi/vec4 1, 0, 1;
    %store/vec4 v0x55c38e2195d0_0, 0, 1;
    %pushi/vec4 16965, 0, 32; draw_string_vec4
    %pushi/vec4 1361077617, 0, 32; draw_string_vec4
    %concat/vec4; draw_string_vec4
    %store/vec4 v0x55c38e23a230_0, 0, 64;
    %fork TD_comparator_tb.check, S_0x55c38e218b00;
    %join;
    %pushi/vec4 0, 0, 3;
    %store/vec4 v0x55c38e23a150_0, 0, 3;
    %pushi/vec4 5, 0, 32;
    %store/vec4 v0x55c38e23a2f0_0, 0, 32;
    %pushi/vec4 6, 0, 32;
    %store/vec4 v0x55c38e23a3d0_0, 0, 32;
    %pushi/vec4 0, 0, 1;
    %store/vec4 v0x55c38e2195d0_0, 0, 1;
    %pushi/vec4 16965, 0, 32; draw_string_vec4
    %pushi/vec4 1361079909, 0, 32; draw_string_vec4
    %concat/vec4; draw_string_vec4
    %store/vec4 v0x55c38e23a230_0, 0, 64;
    %fork TD_comparator_tb.check, S_0x55c38e218b00;
    %join;
    %pushi/vec4 1, 0, 3;
    %store/vec4 v0x55c38e23a150_0, 0, 3;
    %pushi/vec4 5, 0, 32;
    %store/vec4 v0x55c38e23a2f0_0, 0, 32;
    %pushi/vec4 6, 0, 32;
    %store/vec4 v0x55c38e23a3d0_0, 0, 32;
    %pushi/vec4 1, 0, 1;
    %store/vec4 v0x55c38e2195d0_0, 0, 1;
    %pushi/vec4 0, 0, 32; draw_string_vec4
    %pushi/vec4 4345413, 0, 32; draw_string_vec4
    %concat/vec4; draw_string_vec4
    %store/vec4 v0x55c38e23a230_0, 0, 64;
    %fork TD_comparator_tb.check, S_0x55c38e218b00;
    %join;
    %pushi/vec4 4, 0, 3;
    %store/vec4 v0x55c38e23a150_0, 0, 3;
    %pushi/vec4 4294967295, 0, 32;
    %store/vec4 v0x55c38e23a2f0_0, 0, 32;
    %pushi/vec4 1, 0, 32;
    %store/vec4 v0x55c38e23a3d0_0, 0, 32;
    %pushi/vec4 1, 0, 1;
    %store/vec4 v0x55c38e2195d0_0, 0, 1;
    %pushi/vec4 1112298528, 0, 32; draw_string_vec4
    %pushi/vec4 758201393, 0, 32; draw_string_vec4
    %concat/vec4; draw_string_vec4
    %store/vec4 v0x55c38e23a230_0, 0, 64;
    %fork TD_comparator_tb.check, S_0x55c38e218b00;
    %join;
    %pushi/vec4 4, 0, 3;
    %store/vec4 v0x55c38e23a150_0, 0, 3;
    %pushi/vec4 1, 0, 32;
    %store/vec4 v0x55c38e23a2f0_0, 0, 32;
    %pushi/vec4 4294967295, 0, 32;
    %store/vec4 v0x55c38e23a3d0_0, 0, 32;
    %pushi/vec4 0, 0, 1;
    %store/vec4 v0x55c38e2195d0_0, 0, 1;
    %pushi/vec4 1112298528, 0, 32; draw_string_vec4
    %pushi/vec4 826027313, 0, 32; draw_string_vec4
    %concat/vec4; draw_string_vec4
    %store/vec4 v0x55c38e23a230_0, 0, 64;
    %fork TD_comparator_tb.check, S_0x55c38e218b00;
    %join;
    %pushi/vec4 5, 0, 3;
    %store/vec4 v0x55c38e23a150_0, 0, 3;
    %pushi/vec4 1, 0, 32;
    %store/vec4 v0x55c38e23a2f0_0, 0, 32;
    %pushi/vec4 4294967295, 0, 32;
    %store/vec4 v0x55c38e23a3d0_0, 0, 32;
    %pushi/vec4 1, 0, 1;
    %store/vec4 v0x55c38e2195d0_0, 0, 1;
    %pushi/vec4 2391425122, 0, 33;
    %concati/vec4 1044196657, 0, 31;
    %store/vec4 v0x55c38e23a230_0, 0, 64;
    %fork TD_comparator_tb.check, S_0x55c38e218b00;
    %join;
    %pushi/vec4 6, 0, 3;
    %store/vec4 v0x55c38e23a150_0, 0, 3;
    %pushi/vec4 4294967295, 0, 32;
    %store/vec4 v0x55c38e23a2f0_0, 0, 32;
    %pushi/vec4 1, 0, 32;
    %store/vec4 v0x55c38e23a3d0_0, 0, 32;
    %pushi/vec4 0, 0, 1;
    %store/vec4 v0x55c38e2195d0_0, 0, 1;
    %pushi/vec4 2829729988, 0, 33;
    %concati/vec4 1768373297, 0, 31;
    %store/vec4 v0x55c38e23a230_0, 0, 64;
    %fork TD_comparator_tb.check, S_0x55c38e218b00;
    %join;
    %pushi/vec4 6, 0, 3;
    %store/vec4 v0x55c38e23a150_0, 0, 3;
    %pushi/vec4 1, 0, 32;
    %store/vec4 v0x55c38e23a2f0_0, 0, 32;
    %pushi/vec4 4294967295, 0, 32;
    %store/vec4 v0x55c38e23a3d0_0, 0, 32;
    %pushi/vec4 1, 0, 1;
    %store/vec4 v0x55c38e2195d0_0, 0, 1;
    %pushi/vec4 2829729890, 0, 33;
    %concati/vec4 1013082471, 0, 31;
    %store/vec4 v0x55c38e23a230_0, 0, 64;
    %fork TD_comparator_tb.check, S_0x55c38e218b00;
    %join;
    %pushi/vec4 7, 0, 3;
    %store/vec4 v0x55c38e23a150_0, 0, 3;
    %pushi/vec4 4294967295, 0, 32;
    %store/vec4 v0x55c38e23a2f0_0, 0, 32;
    %pushi/vec4 1, 0, 32;
    %store/vec4 v0x55c38e23a3d0_0, 0, 32;
    %pushi/vec4 1, 0, 1;
    %store/vec4 v0x55c38e2195d0_0, 0, 1;
    %pushi/vec4 0, 0, 32; draw_string_vec4
    %pushi/vec4 1111967061, 0, 32; draw_string_vec4
    %concat/vec4; draw_string_vec4
    %store/vec4 v0x55c38e23a230_0, 0, 64;
    %fork TD_comparator_tb.check, S_0x55c38e218b00;
    %join;
    %pushi/vec4 2, 0, 3;
    %store/vec4 v0x55c38e23a150_0, 0, 3;
    %pushi/vec4 1, 0, 32;
    %store/vec4 v0x55c38e23a2f0_0, 0, 32;
    %pushi/vec4 1, 0, 32;
    %store/vec4 v0x55c38e23a3d0_0, 0, 32;
    %pushi/vec4 0, 0, 1;
    %store/vec4 v0x55c38e2195d0_0, 0, 1;
    %pushi/vec4 3359689962, 0, 33;
    %concati/vec4 1852011571, 0, 31;
    %store/vec4 v0x55c38e23a230_0, 0, 64;
    %fork TD_comparator_tb.check, S_0x55c38e218b00;
    %join;
    %load/vec4 v0x55c38e23b1b0_0;
    %cmpi/e 0, 0, 32;
    %jmp/0xz  T_3.0, 4;
    %vpi_call 2 35 "$display", "COMPARATOR: ALL TESTS PASSED" {0 0 0};
    %jmp T_3.1;
T_3.0 ;
    %vpi_call 2 36 "$display", "COMPARATOR: %0d TEST(S) FAILED", v0x55c38e23b1b0_0 {0 0 0};
T_3.1 ;
    %vpi_call 2 37 "$finish" {0 0 0};
    %end;
    .thread T_3;
# The file index is used to find the file name in the following table.
:file_names 4;
    "N/A";
    "<interactive>";
    "comparator-tb.v";
    "comparator.v";
