#! /usr/bin/vvp
:ivl_version "13.0 (stable)" "(v13_0)";
:ivl_delay_selection "TYPICAL";
:vpi_time_precision - 12;
:vpi_module "/usr/lib/x86_64-linux-gnu/ivl/system.vpi";
:vpi_module "/usr/lib/x86_64-linux-gnu/ivl/vhdl_sys.vpi";
:vpi_module "/usr/lib/x86_64-linux-gnu/ivl/vhdl_textio.vpi";
:vpi_module "/usr/lib/x86_64-linux-gnu/ivl/v2005_math.vpi";
:vpi_module "/usr/lib/x86_64-linux-gnu/ivl/va_math.vpi";
S_0x557a3f402bc0 .scope module, "register_file_tb" "register_file_tb" 2 2;
 .timescale -9 -12;
v0x557a3f42e340_0 .var "clk", 0 0;
v0x557a3f42e400_0 .var/i "errors", 31 0;
v0x557a3f42e4c0_0 .var/i "i", 31 0;
v0x557a3f42e580_0 .var "rd_addr", 4 0;
v0x557a3f42e670_0 .var "rd_data", 31 0;
v0x557a3f42e760_0 .var "rs1_addr", 4 0;
v0x557a3f42e830_0 .net "rs1_data", 31 0, L_0x557a3f43ef10;  1 drivers
v0x557a3f42e900_0 .var "rs2_addr", 4 0;
v0x557a3f42e9d0_0 .net "rs2_data", 31 0, L_0x557a3f43f4d0;  1 drivers
v0x557a3f42eaa0_0 .var "we", 0 0;
S_0x557a3f402d50 .scope task, "check_read" "check_read" 2 22, 2 22 0, S_0x557a3f402bc0;
 .timescale -9 -12;
v0x557a3f3f75f0_0 .var "e1", 31 0;
v0x557a3f3ef860_0 .var "e2", 31 0;
v0x557a3f42c670_0 .var "name", 127 0;
v0x557a3f42c730_0 .var "r1", 4 0;
v0x557a3f42c810_0 .var "r2", 4 0;
TD_register_file_tb.check_read ;
    %load/vec4 v0x557a3f42c730_0;
    %store/vec4 v0x557a3f42e760_0, 0, 5;
    %load/vec4 v0x557a3f42c810_0;
    %store/vec4 v0x557a3f42e900_0, 0, 5;
    %delay 1000, 0;
    %load/vec4 v0x557a3f42e830_0;
    %load/vec4 v0x557a3f3f75f0_0;
    %cmp/ne;
    %jmp/1 T_0.2, 6;
    %flag_mov 8, 6;
    %load/vec4 v0x557a3f42e9d0_0;
    %load/vec4 v0x557a3f3ef860_0;
    %cmp/ne;
    %flag_or 6, 8;
T_0.2;
    %jmp/0xz  T_0.0, 6;
    %vpi_call 2 26 "$display", "FAIL %0s: got %h,%h expected %h,%h", v0x557a3f42c670_0, v0x557a3f42e830_0, v0x557a3f42e9d0_0, v0x557a3f3f75f0_0, v0x557a3f3ef860_0 {0 0 0};
    %load/vec4 v0x557a3f42e400_0;
    %addi 1, 0, 32;
    %store/vec4 v0x557a3f42e400_0, 0, 32;
    %jmp T_0.1;
T_0.0 ;
    %vpi_call 2 28 "$display", "PASS %0s", v0x557a3f42c670_0 {0 0 0};
T_0.1 ;
    %end;
S_0x557a3f42c8f0 .scope module, "dut" "register_file" 2 9, 3 9 0, S_0x557a3f402bc0;
 .timescale -9 -12;
    .port_info 0 /INPUT 1 "clk";
    .port_info 1 /INPUT 1 "we";
    .port_info 2 /INPUT 5 "rs1_addr";
    .port_info 3 /INPUT 5 "rs2_addr";
    .port_info 4 /INPUT 5 "rd_addr";
    .port_info 5 /INPUT 32 "rd_data";
    .port_info 6 /OUTPUT 32 "rs1_data";
    .port_info 7 /OUTPUT 32 "rs2_data";
P_0x557a3f42caf0 .param/l "WIDTH" 0 3 10, +C4<00000000000000000000000000100000>;
L_0x7ff6da439018 .functor BUFT 1, C4<00000>, C4<0>, C4<0>, C4<0>;
v0x557a3f42cc00_0 .net/2u *"_ivl_0", 4 0, L_0x7ff6da439018;  1 drivers
L_0x7ff6da4390a8 .functor BUFT 1, C4<00>, C4<0>, C4<0>, C4<0>;
v0x557a3f42cd00_0 .net *"_ivl_11", 1 0, L_0x7ff6da4390a8;  1 drivers
L_0x7ff6da4390f0 .functor BUFT 1, C4<00000>, C4<0>, C4<0>, C4<0>;
v0x557a3f42cde0_0 .net/2u *"_ivl_14", 4 0, L_0x7ff6da4390f0;  1 drivers
v0x557a3f42cea0_0 .net *"_ivl_16", 0 0, L_0x557a3f43f120;  1 drivers
L_0x7ff6da439138 .functor BUFT 1, C4<00000000000000000000000000000000>, C4<0>, C4<0>, C4<0>;
v0x557a3f42cf60_0 .net/2u *"_ivl_18", 31 0, L_0x7ff6da439138;  1 drivers
v0x557a3f42d090_0 .net *"_ivl_2", 0 0, L_0x557a3f42eba0;  1 drivers
v0x557a3f42d150_0 .net *"_ivl_20", 31 0, L_0x557a3f43f2b0;  1 drivers
v0x557a3f42d230_0 .net *"_ivl_22", 6 0, L_0x557a3f43f390;  1 drivers
L_0x7ff6da439180 .functor BUFT 1, C4<00>, C4<0>, C4<0>, C4<0>;
v0x557a3f42d310_0 .net *"_ivl_25", 1 0, L_0x7ff6da439180;  1 drivers
L_0x7ff6da439060 .functor BUFT 1, C4<00000000000000000000000000000000>, C4<0>, C4<0>, C4<0>;
v0x557a3f42d3f0_0 .net/2u *"_ivl_4", 31 0, L_0x7ff6da439060;  1 drivers
v0x557a3f42d4d0_0 .net *"_ivl_6", 31 0, L_0x557a3f43ecd0;  1 drivers
v0x557a3f42d5b0_0 .net *"_ivl_8", 6 0, L_0x557a3f43edd0;  1 drivers
v0x557a3f42d690_0 .net "clk", 0 0, v0x557a3f42e340_0;  1 drivers
v0x557a3f42d750_0 .var/i "i", 31 0;
v0x557a3f42d830_0 .net "rd_addr", 4 0, v0x557a3f42e580_0;  1 drivers
v0x557a3f42d910_0 .net "rd_data", 31 0, v0x557a3f42e670_0;  1 drivers
v0x557a3f42d9f0 .array "regs", 31 0, 31 0;
v0x557a3f42dab0_0 .net "rs1_addr", 4 0, v0x557a3f42e760_0;  1 drivers
v0x557a3f42db90_0 .net "rs1_data", 31 0, L_0x557a3f43ef10;  alias, 1 drivers
v0x557a3f42dc70_0 .net "rs2_addr", 4 0, v0x557a3f42e900_0;  1 drivers
v0x557a3f42dd50_0 .net "rs2_data", 31 0, L_0x557a3f43f4d0;  alias, 1 drivers
v0x557a3f42de30_0 .net "we", 0 0, v0x557a3f42eaa0_0;  1 drivers
E_0x557a3f3ff920 .event posedge, v0x557a3f42d690_0;
L_0x557a3f42eba0 .cmp/eq 5, v0x557a3f42e760_0, L_0x7ff6da439018;
L_0x557a3f43ecd0 .array/port v0x557a3f42d9f0, L_0x557a3f43edd0;
L_0x557a3f43edd0 .concat [ 5 2 0 0], v0x557a3f42e760_0, L_0x7ff6da4390a8;
L_0x557a3f43ef10 .functor MUXZ 32, L_0x557a3f43ecd0, L_0x7ff6da439060, L_0x557a3f42eba0, C4<>;
L_0x557a3f43f120 .cmp/eq 5, v0x557a3f42e900_0, L_0x7ff6da4390f0;
L_0x557a3f43f2b0 .array/port v0x557a3f42d9f0, L_0x557a3f43f390;
L_0x557a3f43f390 .concat [ 5 2 0 0], v0x557a3f42e900_0, L_0x7ff6da439180;
L_0x557a3f43f4d0 .functor MUXZ 32, L_0x557a3f43f2b0, L_0x7ff6da439138, L_0x557a3f43f120, C4<>;
S_0x557a3f42dff0 .scope task, "write_reg" "write_reg" 2 14, 2 14 0, S_0x557a3f402bc0;
 .timescale -9 -12;
v0x557a3f42e180_0 .var "r", 4 0;
v0x557a3f42e260_0 .var "v", 31 0;
TD_register_file_tb.write_reg ;
    %pushi/vec4 1, 0, 1;
    %store/vec4 v0x557a3f42eaa0_0, 0, 1;
    %load/vec4 v0x557a3f42e180_0;
    %store/vec4 v0x557a3f42e580_0, 0, 5;
    %load/vec4 v0x557a3f42e260_0;
    %store/vec4 v0x557a3f42e670_0, 0, 32;
    %wait E_0x557a3f3ff920;
    %delay 1000, 0;
    %pushi/vec4 0, 0, 1;
    %store/vec4 v0x557a3f42eaa0_0, 0, 1;
    %end;
    .scope S_0x557a3f42c8f0;
T_2 ;
    %pushi/vec4 0, 0, 32;
    %store/vec4 v0x557a3f42d750_0, 0, 32;
T_2.0 ; Top of for-loop
    %load/vec4 v0x557a3f42d750_0;
    %cmpi/s 32, 0, 32;
	  %jmp/0xz T_2.1, 5;
    %pushi/vec4 0, 0, 32;
    %ix/getv/s 4, v0x557a3f42d750_0;
    %store/vec4a v0x557a3f42d9f0, 4, 0;
T_2.2 ; for-loop step statement
    %load/vec4 v0x557a3f42d750_0;
    %addi 1, 0, 32;
    %store/vec4 v0x557a3f42d750_0, 0, 32;
    %jmp T_2.0;
T_2.1 ; for-loop exit label
    %end;
    .thread T_2;
    .scope S_0x557a3f42c8f0;
T_3 ;
    %wait E_0x557a3f3ff920;
    %load/vec4 v0x557a3f42de30_0;
    %flag_set/vec4 9;
    %flag_get/vec4 9;
    %jmp/0 T_3.2, 9;
    %load/vec4 v0x557a3f42d830_0;
    %pushi/vec4 0, 0, 5;
    %cmp/ne;
    %flag_get/vec4 4;
    %and;
T_3.2;
    %flag_set/vec4 8;
    %jmp/0xz  T_3.0, 8;
    %load/vec4 v0x557a3f42d910_0;
    %load/vec4 v0x557a3f42d830_0;
    %pad/u 7;
    %ix/vec4 3;
    %ix/load 4, 0, 0; Constant delay
    %assign/vec4/a/d v0x557a3f42d9f0, 0, 4;
T_3.0 ;
    %jmp T_3;
    .thread T_3;
    .scope S_0x557a3f402bc0;
T_4 ;
    %pushi/vec4 0, 0, 1;
    %store/vec4 v0x557a3f42e340_0, 0, 1;
    %pushi/vec4 0, 0, 1;
    %store/vec4 v0x557a3f42eaa0_0, 0, 1;
    %pushi/vec4 0, 0, 5;
    %store/vec4 v0x557a3f42e760_0, 0, 5;
    %pushi/vec4 0, 0, 5;
    %store/vec4 v0x557a3f42e900_0, 0, 5;
    %pushi/vec4 0, 0, 5;
    %store/vec4 v0x557a3f42e580_0, 0, 5;
    %pushi/vec4 0, 0, 32;
    %store/vec4 v0x557a3f42e670_0, 0, 32;
    %pushi/vec4 0, 0, 32;
    %store/vec4 v0x557a3f42e400_0, 0, 32;
    %end;
    .thread T_4;
    .scope S_0x557a3f402bc0;
T_5 ;
    %delay 5000, 0;
    %load/vec4 v0x557a3f42e340_0;
    %inv;
    %store/vec4 v0x557a3f42e340_0, 0, 1;
    %jmp T_5;
    .thread T_5;
    .scope S_0x557a3f402bc0;
T_6 ;
    %vpi_call 2 33 "$dumpfile", "register_file.vcd" {0 0 0};
    %vpi_call 2 34 "$dumpvars", 32'sb00000000000000000000000000000000, S_0x557a3f402bc0 {0 0 0};
    %pushi/vec4 1, 0, 5;
    %store/vec4 v0x557a3f42e180_0, 0, 5;
    %pushi/vec4 2863267841, 0, 32;
    %store/vec4 v0x557a3f42e260_0, 0, 32;
    %fork TD_register_file_tb.write_reg, S_0x557a3f42dff0;
    %join;
    %pushi/vec4 2, 0, 5;
    %store/vec4 v0x557a3f42e180_0, 0, 5;
    %pushi/vec4 3149594626, 0, 32;
    %store/vec4 v0x557a3f42e260_0, 0, 32;
    %fork TD_register_file_tb.write_reg, S_0x557a3f42dff0;
    %join;
    %pushi/vec4 1, 0, 5;
    %store/vec4 v0x557a3f42c730_0, 0, 5;
    %pushi/vec4 2, 0, 5;
    %store/vec4 v0x557a3f42c810_0, 0, 5;
    %pushi/vec4 2863267841, 0, 32;
    %store/vec4 v0x557a3f3f75f0_0, 0, 32;
    %pushi/vec4 3149594626, 0, 32;
    %store/vec4 v0x557a3f3ef860_0, 0, 32;
    %pushi/vec4 29815, 0, 32; draw_string_vec4
    %pushi/vec4 1864397413, 0, 32; draw_string_vec4
    %concat/vec4; draw_string_vec4
    %pushi/vec4 1633951856, 0, 32; draw_string_vec4
    %concat/vec4; draw_string_vec4
    %pushi/vec4 1869771891, 0, 32; draw_string_vec4
    %concat/vec4; draw_string_vec4
    %store/vec4 v0x557a3f42c670_0, 0, 128;
    %fork TD_register_file_tb.check_read, S_0x557a3f402d50;
    %join;
    %pushi/vec4 0, 0, 5;
    %store/vec4 v0x557a3f42e180_0, 0, 5;
    %pushi/vec4 4294967295, 0, 32;
    %store/vec4 v0x557a3f42e260_0, 0, 32;
    %fork TD_register_file_tb.write_reg, S_0x557a3f42dff0;
    %join;
    %pushi/vec4 0, 0, 5;
    %store/vec4 v0x557a3f42c730_0, 0, 5;
    %pushi/vec4 0, 0, 5;
    %store/vec4 v0x557a3f42c810_0, 0, 5;
    %pushi/vec4 0, 0, 32;
    %store/vec4 v0x557a3f3f75f0_0, 0, 32;
    %pushi/vec4 0, 0, 32;
    %store/vec4 v0x557a3f3ef860_0, 0, 32;
    %pushi/vec4 120, 0, 32; draw_string_vec4
    %pushi/vec4 807433076, 0, 32; draw_string_vec4
    %concat/vec4; draw_string_vec4
    %pushi/vec4 1635349280, 0, 32; draw_string_vec4
    %concat/vec4; draw_string_vec4
    %pushi/vec4 2053468783, 0, 32; draw_string_vec4
    %concat/vec4; draw_string_vec4
    %store/vec4 v0x557a3f42c670_0, 0, 128;
    %fork TD_register_file_tb.check_read, S_0x557a3f402d50;
    %join;
    %pushi/vec4 0, 0, 1;
    %store/vec4 v0x557a3f42eaa0_0, 0, 1;
    %pushi/vec4 1, 0, 5;
    %store/vec4 v0x557a3f42e580_0, 0, 5;
    %pushi/vec4 286331153, 0, 32;
    %store/vec4 v0x557a3f42e670_0, 0, 32;
    %wait E_0x557a3f3ff920;
    %delay 1000, 0;
    %pushi/vec4 1, 0, 5;
    %store/vec4 v0x557a3f42c730_0, 0, 5;
    %pushi/vec4 2, 0, 5;
    %store/vec4 v0x557a3f42c810_0, 0, 5;
    %pushi/vec4 2863267841, 0, 32;
    %store/vec4 v0x557a3f3f75f0_0, 0, 32;
    %pushi/vec4 3149594626, 0, 32;
    %store/vec4 v0x557a3f3ef860_0, 0, 32;
    %pushi/vec4 2178795941, 0, 34;
    %concati/vec4 3516170717, 0, 32;
    %concati/vec4 2710943873, 0, 32;
    %concati/vec4 929381680, 0, 30;
    %store/vec4 v0x557a3f42c670_0, 0, 128;
    %fork TD_register_file_tb.check_read, S_0x557a3f402d50;
    %join;
    %pushi/vec4 1, 0, 32;
    %store/vec4 v0x557a3f42e4c0_0, 0, 32;
T_6.0 ; Top of for-loop
    %load/vec4 v0x557a3f42e4c0_0;
    %cmpi/s 32, 0, 32;
	  %jmp/0xz T_6.1, 5;
    %load/vec4 v0x557a3f42e4c0_0;
    %parti/s 5, 0, 2;
    %store/vec4 v0x557a3f42e180_0, 0, 5;
    %pushi/vec4 4096, 0, 32;
    %load/vec4 v0x557a3f42e4c0_0;
    %add;
    %store/vec4 v0x557a3f42e260_0, 0, 32;
    %fork TD_register_file_tb.write_reg, S_0x557a3f42dff0;
    %join;
T_6.2 ; for-loop step statement
    %load/vec4 v0x557a3f42e4c0_0;
    %addi 1, 0, 32;
    %store/vec4 v0x557a3f42e4c0_0, 0, 32;
    %jmp T_6.0;
T_6.1 ; for-loop exit label
    %pushi/vec4 1, 0, 32;
    %store/vec4 v0x557a3f42e4c0_0, 0, 32;
T_6.3 ; Top of for-loop
    %load/vec4 v0x557a3f42e4c0_0;
    %cmpi/s 32, 0, 32;
	  %jmp/0xz T_6.4, 5;
    %load/vec4 v0x557a3f42e4c0_0;
    %parti/s 5, 0, 2;
    %store/vec4 v0x557a3f42e760_0, 0, 5;
    %delay 1000, 0;
    %load/vec4 v0x557a3f42e830_0;
    %pushi/vec4 4096, 0, 32;
    %load/vec4 v0x557a3f42e4c0_0;
    %add;
    %cmp/ne;
    %jmp/0xz  T_6.6, 6;
    %vpi_call 2 53 "$display", "FAIL x%0d = %h", v0x557a3f42e4c0_0, v0x557a3f42e830_0 {0 0 0};
    %load/vec4 v0x557a3f42e400_0;
    %addi 1, 0, 32;
    %store/vec4 v0x557a3f42e400_0, 0, 32;
T_6.6 ;
T_6.5 ; for-loop step statement
    %load/vec4 v0x557a3f42e4c0_0;
    %addi 1, 0, 32;
    %store/vec4 v0x557a3f42e4c0_0, 0, 32;
    %jmp T_6.3;
T_6.4 ; for-loop exit label
    %vpi_call 2 56 "$display", "Checked x1..x31 read-back" {0 0 0};
    %load/vec4 v0x557a3f42e400_0;
    %cmpi/e 0, 0, 32;
    %jmp/0xz  T_6.8, 4;
    %vpi_call 2 58 "$display", "REGISTER FILE: ALL TESTS PASSED" {0 0 0};
    %jmp T_6.9;
T_6.8 ;
    %vpi_call 2 59 "$display", "REGISTER FILE: %0d TEST(S) FAILED", v0x557a3f42e400_0 {0 0 0};
T_6.9 ;
    %vpi_call 2 60 "$finish" {0 0 0};
    %end;
    .thread T_6;
# The file index is used to find the file name in the following table.
:file_names 4;
    "N/A";
    "<interactive>";
    "register-file-tb.v";
    "register-file.v";
